[2026-09-25T22:44:06.167+0000][6ms][info][gc,init] CardTable entry size: 512
[2026-09-25T22:44:06.167+0000][6ms][info][gc     ] Using G1
[2026-09-25T22:44:06.168+0000][7ms][info][gc,init] Version: 25.0.4.1.1+1-LTS-jvmci-25.4-b23 (release)
[2026-09-25T22:44:06.168+0000][7ms][info][gc,init] CPUs: 16 total, 16 available
[2026-09-25T22:44:06.168+0000][7ms][info][gc,init] Memory: 16107M
[2026-09-25T22:44:06.168+0000][7ms][info][gc,init] Large Page Support: Disabled
[2026-09-25T22:44:06.168+0000][8ms][info][gc,init] NUMA Support: Disabled
[2026-09-25T22:44:06.168+0000][8ms][info][gc,init] Compressed Oops: Enabled (Zero based)
[2026-09-25T22:44:06.168+0000][8ms][info][gc,init] Heap Region Size: 2M
[2026-09-25T22:44:06.168+0000][8ms][info][gc,init] Heap Min Capacity: 8M
[2026-09-25T22:44:06.168+0000][8ms][info][gc,init] Heap Initial Capacity: 252M
[2026-09-25T22:44:06.168+0000][8ms][info][gc,init] Heap Max Capacity: 4028M
[2026-09-25T22:44:06.168+0000][8ms][info][gc,init] Pre-touch: Disabled
[2026-09-25T22:44:06.168+0000][8ms][info][gc,init] Parallel Workers: 13
[2026-09-25T22:44:06.168+0000][8ms][info][gc,init] Concurrent Workers: 3
[2026-09-25T22:44:06.168+0000][8ms][info][gc,init] Concurrent Refinement Workers: 13
[2026-09-25T22:44:06.168+0000][8ms][info][gc,init] Periodic GC: Disabled
[2026-09-25T22:44:06.176+0000][15ms][info][gc,metaspace] CDS archive(s) mapped at: [0x0000000098000000-0x0000000098df0000-0x0000000098df0000), size 14614528, SharedBaseAddress: 0x0000000098000000, ArchiveRelocationMode: 1.
[2026-09-25T22:44:06.176+0000][15ms][info][gc,metaspace] Compressed class space mapped at: 0x0000000099000000-0x00000000d9000000, reserved size: 1073741824
[2026-09-25T22:44:06.176+0000][15ms][info][gc,metaspace] UseCompressedClassPointers 1, UseCompactObjectHeaders 0
[2026-09-25T22:44:06.176+0000][15ms][info][gc,metaspace] Narrow klass pointer bits 32, Max shift 3
[2026-09-25T22:44:06.176+0000][15ms][info][gc,metaspace] Narrow klass base: 0x0000000098000000, Narrow klass shift: 0
[2026-09-25T22:44:06.176+0000][15ms][info][gc,metaspace] Encoding Range: [0x0000000098000000 - 0x0000000198000000), (4294967296 bytes)
[2026-09-25T22:44:06.176+0000][15ms][info][gc,metaspace] Klass Range:    [0x0000000098010000 - 0x00000000d9000000), (1090453504 bytes)
[2026-09-25T22:44:06.176+0000][15ms][info][gc,metaspace] Klass ID Range:  [65536 - 1090519033) (1090453497)
[2026-09-25T22:44:06.176+0000][15ms][info][gc,metaspace] Protection zone: [0x0000000098000000 - 0x0000000098010000), (65536 bytes)
[2026-09-25T22:44:06.377+0000][217ms][info][gc,start    ] GC(0) Pause Young (Concurrent Start) (G1 Humongous Allocation)
[2026-09-25T22:44:06.377+0000][217ms][info][gc,task     ] GC(0) Using 6 workers of 13 for evacuation
[2026-09-25T22:44:06.378+0000][218ms][info][gc,phases   ] GC(0)   Pre Evacuate Collection Set: 0.17ms
[2026-09-25T22:44:06.378+0000][218ms][info][gc,phases   ] GC(0)   Merge Heap Roots: 0.03ms
[2026-09-25T22:44:06.378+0000][218ms][info][gc,phases   ] GC(0)   Evacuate Collection Set: 0.68ms
[2026-09-25T22:44:06.378+0000][218ms][info][gc,phases   ] GC(0)   Post Evacuate Collection Set: 0.22ms
[2026-09-25T22:44:06.379+0000][219ms][info][gc,phases   ] GC(0)   Other: 0.20ms
[2026-09-25T22:44:06.379+0000][219ms][info][gc,heap     ] GC(0) Eden regions: 4->0(55)
[2026-09-25T22:44:06.379+0000][219ms][info][gc,heap     ] GC(0) Survivor regions: 0->1(3)
[2026-09-25T22:44:06.379+0000][219ms][info][gc,heap     ] GC(0) Old regions: 1->1
[2026-09-25T22:44:06.379+0000][219ms][info][gc,heap     ] GC(0) Humongous regions: 44->0
[2026-09-25T22:44:06.379+0000][219ms][info][gc,metaspace] GC(0) Metaspace: 1406K(1600K)->1406K(1600K) NonClass: 1299K(1408K)->1299K(1408K) Class: 106K(192K)->106K(192K)
[2026-09-25T22:44:06.379+0000][219ms][info][gc          ] GC(0) Pause Young (Concurrent Start) (G1 Humongous Allocation) 97M->2M(254M) 1.930ms
[2026-09-25T22:44:06.379+0000][219ms][info][gc,cpu      ] GC(0) User=0.05s Sys=0.02s Real=0.00s
[2026-09-25T22:44:06.379+0000][219ms][info][gc          ] GC(1) Concurrent Undo Cycle
[2026-09-25T22:44:06.379+0000][219ms][info][gc,marking  ] GC(1) Concurrent Clear Claimed Marks
[2026-09-25T22:44:06.379+0000][219ms][info][gc,marking  ] GC(1) Concurrent Clear Claimed Marks 0.011ms
[2026-09-25T22:44:06.379+0000][219ms][info][gc,marking  ] GC(1) Concurrent Cleanup for Next Mark
[2026-09-25T22:44:06.379+0000][219ms][info][gc,marking  ] GC(1) Concurrent Cleanup for Next Mark 0.042ms
[2026-09-25T22:44:06.379+0000][219ms][info][gc          ] GC(1) Concurrent Undo Cycle 0.153ms
[2026-09-25T22:44:07.130+0000][970ms][info][gc,start    ] GC(2) Pause Young (Normal) (G1 Evacuation Pause)
[2026-09-25T22:44:07.130+0000][970ms][info][gc,task     ] GC(2) Using 6 workers of 13 for evacuation
[2026-09-25T22:44:07.133+0000][973ms][info][gc,phases   ] GC(2)   Pre Evacuate Collection Set: 0.11ms
[2026-09-25T22:44:07.133+0000][973ms][info][gc,phases   ] GC(2)   Merge Heap Roots: 0.04ms
[2026-09-25T22:44:07.133+0000][973ms][info][gc,phases   ] GC(2)   Evacuate Collection Set: 2.13ms
[2026-09-25T22:44:07.133+0000][973ms][info][gc,phases   ] GC(2)   Post Evacuate Collection Set: 0.35ms
[2026-09-25T22:44:07.133+0000][973ms][info][gc,phases   ] GC(2)   Other: 0.08ms
[2026-09-25T22:44:07.133+0000][973ms][info][gc,heap     ] GC(2) Eden regions: 55->0(72)
[2026-09-25T22:44:07.133+0000][973ms][info][gc,heap     ] GC(2) Survivor regions: 1->3(7)
[2026-09-25T22:44:07.133+0000][973ms][info][gc,heap     ] GC(2) Old regions: 1->1
[2026-09-25T22:44:07.133+0000][973ms][info][gc,heap     ] GC(2) Humongous regions: 44->0
[2026-09-25T22:44:07.133+0000][973ms][info][gc,metaspace] GC(2) Metaspace: 6136K(6464K)->6136K(6464K) NonClass: 5547K(5696K)->5547K(5696K) Class: 589K(768K)->589K(768K)
[2026-09-25T22:44:07.133+0000][973ms][info][gc          ] GC(2) Pause Young (Normal) (G1 Evacuation Pause) 200M->5M(254M) 2.934ms
[2026-09-25T22:44:07.133+0000][973ms][info][gc,cpu      ] GC(2) User=0.00s Sys=0.00s Real=0.00s
[2026-09-25T22:44:07.652+0000][1492ms][info][gc,start    ] GC(3) Pause Young (Normal) (G1 Evacuation Pause)
[2026-09-25T22:44:07.652+0000][1492ms][info][gc,task     ] GC(3) Using 6 workers of 13 for evacuation
[2026-09-25T22:44:07.654+0000][1494ms][info][gc,phases   ] GC(3)   Pre Evacuate Collection Set: 0.11ms
[2026-09-25T22:44:07.654+0000][1494ms][info][gc,phases   ] GC(3)   Merge Heap Roots: 0.03ms
[2026-09-25T22:44:07.654+0000][1494ms][info][gc,phases   ] GC(3)   Evacuate Collection Set: 1.39ms
[2026-09-25T22:44:07.654+0000][1494ms][info][gc,phases   ] GC(3)   Post Evacuate Collection Set: 0.34ms
[2026-09-25T22:44:07.654+0000][1494ms][info][gc,phases   ] GC(3)   Other: 0.08ms
[2026-09-25T22:44:07.654+0000][1494ms][info][gc,heap     ] GC(3) Eden regions: 72->0(72)
[2026-09-25T22:44:07.654+0000][1494ms][info][gc,heap     ] GC(3) Survivor regions: 3->3(10)
[2026-09-25T22:44:07.654+0000][1494ms][info][gc,heap     ] GC(3) Old regions: 1->1
[2026-09-25T22:44:07.654+0000][1494ms][info][gc,heap     ] GC(3) Humongous regions: 0->0
[2026-09-25T22:44:07.654+0000][1494ms][info][gc,metaspace] GC(3) Metaspace: 6163K(6528K)->6163K(6528K) NonClass: 5574K(5760K)->5574K(5760K) Class: 589K(768K)->589K(768K)
[2026-09-25T22:44:07.654+0000][1494ms][info][gc          ] GC(3) Pause Young (Normal) (G1 Evacuation Pause) 149M->5M(254M) 2.136ms
[2026-09-25T22:44:07.654+0000][1494ms][info][gc,cpu      ] GC(3) User=0.00s Sys=0.00s Real=0.00s
[2026-09-25T22:44:08.073+0000][1913ms][info][gc,start    ] GC(4) Pause Young (Normal) (G1 Evacuation Pause)
[2026-09-25T22:44:08.073+0000][1913ms][info][gc,task     ] GC(4) Using 6 workers of 13 for evacuation
[2026-09-25T22:44:08.075+0000][1915ms][info][gc,phases   ] GC(4)   Pre Evacuate Collection Set: 0.13ms
[2026-09-25T22:44:08.075+0000][1915ms][info][gc,phases   ] GC(4)   Merge Heap Roots: 0.04ms
[2026-09-25T22:44:08.075+0000][1915ms][info][gc,phases   ] GC(4)   Evacuate Collection Set: 1.53ms
[2026-09-25T22:44:08.075+0000][1915ms][info][gc,phases   ] GC(4)   Post Evacuate Collection Set: 0.33ms
[2026-09-25T22:44:08.075+0000][1915ms][info][gc,phases   ] GC(4)   Other: 0.08ms
[2026-09-25T22:44:08.075+0000][1915ms][info][gc,heap     ] GC(4) Eden regions: 72->0(72)
[2026-09-25T22:44:08.075+0000][1916ms][info][gc,heap     ] GC(4) Survivor regions: 3->3(10)
[2026-09-25T22:44:08.075+0000][1916ms][info][gc,heap     ] GC(4) Old regions: 1->1
[2026-09-25T22:44:08.075+0000][1916ms][info][gc,heap     ] GC(4) Humongous regions: 0->0
[2026-09-25T22:44:08.075+0000][1916ms][info][gc,metaspace] GC(4) Metaspace: 6169K(6528K)->6169K(6528K) NonClass: 5580K(5760K)->5580K(5760K) Class: 589K(768K)->589K(768K)
[2026-09-25T22:44:08.075+0000][1916ms][info][gc          ] GC(4) Pause Young (Normal) (G1 Evacuation Pause) 149M->5M(254M) 2.378ms
[2026-09-25T22:44:08.075+0000][1916ms][info][gc,cpu      ] GC(4) User=0.00s Sys=0.00s Real=0.00s
[2026-09-25T22:44:08.503+0000][2343ms][info][gc,start    ] GC(5) Pause Young (Normal) (G1 Evacuation Pause)
[2026-09-25T22:44:08.503+0000][2343ms][info][gc,task     ] GC(5) Using 6 workers of 13 for evacuation
[2026-09-25T22:44:08.505+0000][2345ms][info][gc,phases   ] GC(5)   Pre Evacuate Collection Set: 0.12ms
[2026-09-25T22:44:08.505+0000][2345ms][info][gc,phases   ] GC(5)   Merge Heap Roots: 0.03ms
[2026-09-25T22:44:08.505+0000][2345ms][info][gc,phases   ] GC(5)   Evacuate Collection Set: 1.12ms
[2026-09-25T22:44:08.505+0000][2345ms][info][gc,phases   ] GC(5)   Post Evacuate Collection Set: 0.35ms
[2026-09-25T22:44:08.505+0000][2345ms][info][gc,phases   ] GC(5)   Other: 0.07ms
[2026-09-25T22:44:08.505+0000][2345ms][info][gc,heap     ] GC(5) Eden regions: 72->0(72)
[2026-09-25T22:44:08.505+0000][2345ms][info][gc,heap     ] GC(5) Survivor regions: 3->3(10)
[2026-09-25T22:44:08.505+0000][2345ms][info][gc,heap     ] GC(5) Old regions: 1->1
[2026-09-25T22:44:08.505+0000][2345ms][info][gc,heap     ] GC(5) Humongous regions: 0->0
[2026-09-25T22:44:08.505+0000][2345ms][info][gc,metaspace] GC(5) Metaspace: 6173K(6528K)->6173K(6528K) NonClass: 5584K(5760K)->5584K(5760K) Class: 589K(768K)->589K(768K)
[2026-09-25T22:44:08.505+0000][2345ms][info][gc          ] GC(5) Pause Young (Normal) (G1 Evacuation Pause) 149M->5M(254M) 1.947ms
[2026-09-25T22:44:08.505+0000][2345ms][info][gc,cpu      ] GC(5) User=0.00s Sys=0.00s Real=0.00s
[2026-09-25T22:44:08.949+0000][2789ms][info][gc,start    ] GC(6) Pause Young (Normal) (G1 Evacuation Pause)
[2026-09-25T22:44:08.949+0000][2789ms][info][gc,task     ] GC(6) Using 6 workers of 13 for evacuation
[2026-09-25T22:44:08.951+0000][2791ms][info][gc,phases   ] GC(6)   Pre Evacuate Collection Set: 0.08ms
[2026-09-25T22:44:08.951+0000][2791ms][info][gc,phases   ] GC(6)   Merge Heap Roots: 0.08ms
[2026-09-25T22:44:08.951+0000][2791ms][info][gc,phases   ] GC(6)   Evacuate Collection Set: 1.18ms
[2026-09-25T22:44:08.951+0000][2791ms][info][gc,phases   ] GC(6)   Post Evacuate Collection Set: 0.44ms
[2026-09-25T22:44:08.951+0000][2791ms][info][gc,phases   ] GC(6)   Other: 0.12ms
[2026-09-25T22:44:08.951+0000][2791ms][info][gc,heap     ] GC(6) Eden regions: 72->0(72)
[2026-09-25T22:44:08.951+0000][2791ms][info][gc,heap     ] GC(6) Survivor regions: 3->3(10)
[2026-09-25T22:44:08.951+0000][2791ms][info][gc,heap     ] GC(6) Old regions: 1->1
[2026-09-25T22:44:08.951+0000][2791ms][info][gc,heap     ] GC(6) Humongous regions: 0->0
[2026-09-25T22:44:08.951+0000][2791ms][info][gc,metaspace] GC(6) Metaspace: 6174K(6528K)->6174K(6528K) NonClass: 5585K(5760K)->5585K(5760K) Class: 589K(768K)->589K(768K)
[2026-09-25T22:44:08.951+0000][2791ms][info][gc          ] GC(6) Pause Young (Normal) (G1 Evacuation Pause) 149M->5M(254M) 2.262ms
[2026-09-25T22:44:08.951+0000][2791ms][info][gc,cpu      ] GC(6) User=0.00s Sys=0.00s Real=0.00s
[2026-09-25T22:44:09.356+0000][3196ms][info][gc,start    ] GC(7) Pause Young (Normal) (G1 Evacuation Pause)
[2026-09-25T22:44:09.356+0000][3196ms][info][gc,task     ] GC(7) Using 6 workers of 13 for evacuation
[2026-09-25T22:44:09.358+0000][3198ms][info][gc,phases   ] GC(7)   Pre Evacuate Collection Set: 0.07ms
[2026-09-25T22:44:09.358+0000][3198ms][info][gc,phases   ] GC(7)   Merge Heap Roots: 0.03ms
[2026-09-25T22:44:09.358+0000][3198ms][info][gc,phases   ] GC(7)   Evacuate Collection Set: 1.33ms
[2026-09-25T22:44:09.358+0000][3198ms][info][gc,phases   ] GC(7)   Post Evacuate Collection Set: 0.32ms
[2026-09-25T22:44:09.358+0000][3198ms][info][gc,phases   ] GC(7)   Other: 0.06ms
[2026-09-25T22:44:09.358+0000][3198ms][info][gc,heap     ] GC(7) Eden regions: 72->0(72)
[2026-09-25T22:44:09.358+0000][3198ms][info][gc,heap     ] GC(7) Survivor regions: 3->3(10)
[2026-09-25T22:44:09.358+0000][3198ms][info][gc,heap     ] GC(7) Old regions: 1->1
[2026-09-25T22:44:09.358+0000][3198ms][info][gc,heap     ] GC(7) Humongous regions: 0->0
[2026-09-25T22:44:09.358+0000][3198ms][info][gc,metaspace] GC(7) Metaspace: 6174K(6528K)->6174K(6528K) NonClass: 5585K(5760K)->5585K(5760K) Class: 589K(768K)->589K(768K)
[2026-09-25T22:44:09.358+0000][3198ms][info][gc          ] GC(7) Pause Young (Normal) (G1 Evacuation Pause) 149M->5M(254M) 1.996ms
[2026-09-25T22:44:09.358+0000][3198ms][info][gc,cpu      ] GC(7) User=0.00s Sys=0.00s Real=0.00s
[2026-09-25T22:44:09.826+0000][3666ms][info][gc,start    ] GC(8) Pause Young (Normal) (G1 Evacuation Pause)
[2026-09-25T22:44:09.826+0000][3666ms][info][gc,task     ] GC(8) Using 6 workers of 13 for evacuation
[2026-09-25T22:44:09.828+0000][3668ms][info][gc,phases   ] GC(8)   Pre Evacuate Collection Set: 0.08ms
[2026-09-25T22:44:09.828+0000][3668ms][info][gc,phases   ] GC(8)   Merge Heap Roots: 0.03ms
[2026-09-25T22:44:09.828+0000][3668ms][info][gc,phases   ] GC(8)   Evacuate Collection Set: 1.46ms
[2026-09-25T22:44:09.828+0000][3668ms][info][gc,phases   ] GC(8)   Post Evacuate Collection Set: 0.34ms
[2026-09-25T22:44:09.828+0000][3668ms][info][gc,phases   ] GC(8)   Other: 0.06ms
[2026-09-25T22:44:09.828+0000][3668ms][info][gc,heap     ] GC(8) Eden regions: 72->0(72)
[2026-09-25T22:44:09.828+0000][3668ms][info][gc,heap     ] GC(8) Survivor regions: 3->3(10)
[2026-09-25T22:44:09.828+0000][3668ms][info][gc,heap     ] GC(8) Old regions: 1->1
[2026-09-25T22:44:09.828+0000][3668ms][info][gc,heap     ] GC(8) Humongous regions: 0->0
[2026-09-25T22:44:09.828+0000][3668ms][info][gc,metaspace] GC(8) Metaspace: 6177K(6528K)->6177K(6528K) NonClass: 5588K(5760K)->5588K(5760K) Class: 589K(768K)->589K(768K)
[2026-09-25T22:44:09.828+0000][3668ms][info][gc          ] GC(8) Pause Young (Normal) (G1 Evacuation Pause) 149M->5M(254M) 2.150ms
[2026-09-25T22:44:09.828+0000][3668ms][info][gc,cpu      ] GC(8) User=0.00s Sys=0.00s Real=0.00s
[2026-09-25T22:44:10.376+0000][4216ms][info][gc,start    ] GC(9) Pause Young (Normal) (G1 Evacuation Pause)
[2026-09-25T22:44:10.376+0000][4216ms][info][gc,task     ] GC(9) Using 6 workers of 13 for evacuation
[2026-09-25T22:44:10.378+0000][4218ms][info][gc,phases   ] GC(9)   Pre Evacuate Collection Set: 0.08ms
[2026-09-25T22:44:10.378+0000][4218ms][info][gc,phases   ] GC(9)   Merge Heap Roots: 0.04ms
[2026-09-25T22:44:10.378+0000][4218ms][info][gc,phases   ] GC(9)   Evacuate Collection Set: 1.26ms
[2026-09-25T22:44:10.378+0000][4218ms][info][gc,phases   ] GC(9)   Post Evacuate Collection Set: 0.35ms
[2026-09-25T22:44:10.378+0000][4218ms][info][gc,phases   ] GC(9)   Other: 0.06ms
[2026-09-25T22:44:10.378+0000][4218ms][info][gc,heap     ] GC(9) Eden regions: 72->0(72)
[2026-09-25T22:44:10.378+0000][4218ms][info][gc,heap     ] GC(9) Survivor regions: 3->3(10)
[2026-09-25T22:44:10.378+0000][4218ms][info][gc,heap     ] GC(9) Old regions: 1->1
[2026-09-25T22:44:10.378+0000][4218ms][info][gc,heap     ] GC(9) Humongous regions: 0->0
[2026-09-25T22:44:10.378+0000][4218ms][info][gc,metaspace] GC(9) Metaspace: 6194K(6528K)->6194K(6528K) NonClass: 5602K(5760K)->5602K(5760K) Class: 591K(768K)->591K(768K)
[2026-09-25T22:44:10.378+0000][4218ms][info][gc          ] GC(9) Pause Young (Normal) (G1 Evacuation Pause) 149M->5M(254M) 1.951ms
[2026-09-25T22:44:10.378+0000][4218ms][info][gc,cpu      ] GC(9) User=0.03s Sys=0.06s Real=0.00s
[2026-09-25T22:44:10.895+0000][4735ms][info][gc,start    ] GC(10) Pause Young (Normal) (G1 Evacuation Pause)
[2026-09-25T22:44:10.895+0000][4735ms][info][gc,task     ] GC(10) Using 6 workers of 13 for evacuation
[2026-09-25T22:44:10.897+0000][4737ms][info][gc,phases   ] GC(10)   Pre Evacuate Collection Set: 0.09ms
[2026-09-25T22:44:10.897+0000][4737ms][info][gc,phases   ] GC(10)   Merge Heap Roots: 0.03ms
[2026-09-25T22:44:10.897+0000][4737ms][info][gc,phases   ] GC(10)   Evacuate Collection Set: 1.63ms
[2026-09-25T22:44:10.897+0000][4737ms][info][gc,phases   ] GC(10)   Post Evacuate Collection Set: 0.34ms
[2026-09-25T22:44:10.897+0000][4737ms][info][gc,phases   ] GC(10)   Other: 0.10ms
[2026-09-25T22:44:10.897+0000][4737ms][info][gc,heap     ] GC(10) Eden regions: 72->0(72)
[2026-09-25T22:44:10.897+0000][4737ms][info][gc,heap     ] GC(10) Survivor regions: 3->3(10)
[2026-09-25T22:44:10.897+0000][4737ms][info][gc,heap     ] GC(10) Old regions: 1->1
[2026-09-25T22:44:10.897+0000][4737ms][info][gc,heap     ] GC(10) Humongous regions: 0->0
[2026-09-25T22:44:10.897+0000][4737ms][info][gc,metaspace] GC(10) Metaspace: 6194K(6528K)->6194K(6528K) NonClass: 5602K(5760K)->5602K(5760K) Class: 591K(768K)->591K(768K)
[2026-09-25T22:44:10.897+0000][4737ms][info][gc          ] GC(10) Pause Young (Normal) (G1 Evacuation Pause) 149M->5M(254M) 2.370ms
[2026-09-25T22:44:10.897+0000][4737ms][info][gc,cpu      ] GC(10) User=0.00s Sys=0.00s Real=0.00s
[2026-09-25T22:44:11.399+0000][5238ms][info][gc,start    ] GC(11) Pause Young (Normal) (G1 Evacuation Pause)
[2026-09-25T22:44:11.399+0000][5239ms][info][gc,task     ] GC(11) Using 6 workers of 13 for evacuation
[2026-09-25T22:44:11.401+0000][5241ms][info][gc,phases   ] GC(11)   Pre Evacuate Collection Set: 0.08ms
[2026-09-25T22:44:11.401+0000][5241ms][info][gc,phases   ] GC(11)   Merge Heap Roots: 0.04ms
[2026-09-25T22:44:11.401+0000][5241ms][info][gc,phases   ] GC(11)   Evacuate Collection Set: 1.76ms
[2026-09-25T22:44:11.401+0000][5241ms][info][gc,phases   ] GC(11)   Post Evacuate Collection Set: 0.37ms
[2026-09-25T22:44:11.401+0000][5241ms][info][gc,phases   ] GC(11)   Other: 0.09ms
[2026-09-25T22:44:11.401+0000][5241ms][info][gc,heap     ] GC(11) Eden regions: 72->0(72)
[2026-09-25T22:44:11.401+0000][5241ms][info][gc,heap     ] GC(11) Survivor regions: 3->3(10)
[2026-09-25T22:44:11.401+0000][5241ms][info][gc,heap     ] GC(11) Old regions: 1->1
[2026-09-25T22:44:11.401+0000][5241ms][info][gc,heap     ] GC(11) Humongous regions: 0->0
[2026-09-25T22:44:11.401+0000][5241ms][info][gc,metaspace] GC(11) Metaspace: 6194K(6528K)->6194K(6528K) NonClass: 5602K(5760K)->5602K(5760K) Class: 591K(768K)->591K(768K)
[2026-09-25T22:44:11.401+0000][5241ms][info][gc          ] GC(11) Pause Young (Normal) (G1 Evacuation Pause) 149M->5M(254M) 2.843ms
[2026-09-25T22:44:11.401+0000][5241ms][info][gc,cpu      ] GC(11) User=0.00s Sys=0.00s Real=0.00s
[2026-09-25T22:44:11.936+0000][5776ms][info][gc,start    ] GC(12) Pause Young (Normal) (G1 Evacuation Pause)
[2026-09-25T22:44:11.936+0000][5776ms][info][gc,task     ] GC(12) Using 6 workers of 13 for evacuation
[2026-09-25T22:44:11.939+0000][5778ms][info][gc,phases   ] GC(12)   Pre Evacuate Collection Set: 0.09ms
[2026-09-25T22:44:11.939+0000][5779ms][info][gc,phases   ] GC(12)   Merge Heap Roots: 0.03ms
[2026-09-25T22:44:11.939+0000][5779ms][info][gc,phases   ] GC(12)   Evacuate Collection Set: 1.72ms
[2026-09-25T22:44:11.939+0000][5779ms][info][gc,phases   ] GC(12)   Post Evacuate Collection Set: 0.43ms
[2026-09-25T22:44:11.939+0000][5779ms][info][gc,phases   ] GC(12)   Other: 0.07ms
[2026-09-25T22:44:11.939+0000][5779ms][info][gc,heap     ] GC(12) Eden regions: 72->0(72)
[2026-09-25T22:44:11.939+0000][5779ms][info][gc,heap     ] GC(12) Survivor regions: 3->3(10)
[2026-09-25T22:44:11.939+0000][5779ms][info][gc,heap     ] GC(12) Old regions: 1->1
[2026-09-25T22:44:11.939+0000][5779ms][info][gc,heap     ] GC(12) Humongous regions: 0->0
[2026-09-25T22:44:11.939+0000][5779ms][info][gc,metaspace] GC(12) Metaspace: 6194K(6528K)->6194K(6528K) NonClass: 5602K(5760K)->5602K(5760K) Class: 591K(768K)->591K(768K)
[2026-09-25T22:44:11.939+0000][5779ms][info][gc          ] GC(12) Pause Young (Normal) (G1 Evacuation Pause) 149M->5M(254M) 2.540ms
[2026-09-25T22:44:11.939+0000][5779ms][info][gc,cpu      ] GC(12) User=0.00s Sys=0.00s Real=0.00s
[2026-09-25T22:44:12.456+0000][6296ms][info][gc,start    ] GC(13) Pause Young (Normal) (G1 Evacuation Pause)
[2026-09-25T22:44:12.456+0000][6296ms][info][gc,task     ] GC(13) Using 6 workers of 13 for evacuation
[2026-09-25T22:44:12.458+0000][6298ms][info][gc,phases   ] GC(13)   Pre Evacuate Collection Set: 0.08ms
[2026-09-25T22:44:12.458+0000][6298ms][info][gc,phases   ] GC(13)   Merge Heap Roots: 0.04ms
[2026-09-25T22:44:12.458+0000][6298ms][info][gc,phases   ] GC(13)   Evacuate Collection Set: 1.38ms
[2026-09-25T22:44:12.458+0000][6298ms][info][gc,phases   ] GC(13)   Post Evacuate Collection Set: 0.34ms
[2026-09-25T22:44:12.458+0000][6298ms][info][gc,phases   ] GC(13)   Other: 0.07ms
[2026-09-25T22:44:12.458+0000][6298ms][info][gc,heap     ] GC(13) Eden regions: 72->0(72)
[2026-09-25T22:44:12.458+0000][6298ms][info][gc,heap     ] GC(13) Survivor regions: 3->3(10)
[2026-09-25T22:44:12.458+0000][6298ms][info][gc,heap     ] GC(13) Old regions: 1->1
[2026-09-25T22:44:12.458+0000][6298ms][info][gc,heap     ] GC(13) Humongous regions: 0->0
[2026-09-25T22:44:12.458+0000][6298ms][info][gc,metaspace] GC(13) Metaspace: 6194K(6528K)->6194K(6528K) NonClass: 5602K(5760K)->5602K(5760K) Class: 591K(768K)->591K(768K)
[2026-09-25T22:44:12.459+0000][6298ms][info][gc          ] GC(13) Pause Young (Normal) (G1 Evacuation Pause) 149M->5M(254M) 2.087ms
[2026-09-25T22:44:12.459+0000][6298ms][info][gc,cpu      ] GC(13) User=0.00s Sys=0.00s Real=0.00s
[2026-09-25T22:44:13.156+0000][6995ms][info][gc,start    ] GC(14) Pause Young (Normal) (G1 Evacuation Pause)
[2026-09-25T22:44:13.156+0000][6995ms][info][gc,task     ] GC(14) Using 6 workers of 13 for evacuation
[2026-09-25T22:44:13.158+0000][6998ms][info][gc,phases   ] GC(14)   Pre Evacuate Collection Set: 0.11ms
[2026-09-25T22:44:13.158+0000][6998ms][info][gc,phases   ] GC(14)   Merge Heap Roots: 0.04ms
[2026-09-25T22:44:13.158+0000][6998ms][info][gc,phases   ] GC(14)   Evacuate Collection Set: 1.43ms
[2026-09-25T22:44:13.158+0000][6998ms][info][gc,phases   ] GC(14)   Post Evacuate Collection Set: 0.54ms
[2026-09-25T22:44:13.158+0000][6998ms][info][gc,phases   ] GC(14)   Other: 0.07ms
[2026-09-25T22:44:13.158+0000][6998ms][info][gc,heap     ] GC(14) Eden regions: 72->0(72)
[2026-09-25T22:44:13.158+0000][6998ms][info][gc,heap     ] GC(14) Survivor regions: 3->3(10)
[2026-09-25T22:44:13.158+0000][6998ms][info][gc,heap     ] GC(14) Old regions: 1->1
[2026-09-25T22:44:13.158+0000][6998ms][info][gc,heap     ] GC(14) Humongous regions: 0->0
[2026-09-25T22:44:13.158+0000][6998ms][info][gc,metaspace] GC(14) Metaspace: 6645K(7040K)->6645K(7040K) NonClass: 5981K(6208K)->5981K(6208K) Class: 664K(832K)->664K(832K)
[2026-09-25T22:44:13.158+0000][6998ms][info][gc          ] GC(14) Pause Young (Normal) (G1 Evacuation Pause) 149M->5M(254M) 2.366ms
[2026-09-25T22:44:13.158+0000][6998ms][info][gc,cpu      ] GC(14) User=0.00s Sys=0.00s Real=0.00s
[2026-09-25T22:44:13.580+0000][7420ms][info][gc,start    ] GC(15) Pause Young (Normal) (G1 Evacuation Pause)
[2026-09-25T22:44:13.580+0000][7420ms][info][gc,task     ] GC(15) Using 6 workers of 13 for evacuation
[2026-09-25T22:44:13.582+0000][7422ms][info][gc,phases   ] GC(15)   Pre Evacuate Collection Set: 0.09ms
[2026-09-25T22:44:13.582+0000][7422ms][info][gc,phases   ] GC(15)   Merge Heap Roots: 0.03ms
[2026-09-25T22:44:13.582+0000][7422ms][info][gc,phases   ] GC(15)   Evacuate Collection Set: 1.57ms
[2026-09-25T22:44:13.582+0000][7422ms][info][gc,phases   ] GC(15)   Post Evacuate Collection Set: 0.40ms
[2026-09-25T22:44:13.582+0000][7422ms][info][gc,phases   ] GC(15)   Other: 0.09ms
[2026-09-25T22:44:13.582+0000][7422ms][info][gc,heap     ] GC(15) Eden regions: 72->0(72)
[2026-09-25T22:44:13.582+0000][7422ms][info][gc,heap     ] GC(15) Survivor regions: 3->3(10)
[2026-09-25T22:44:13.582+0000][7422ms][info][gc,heap     ] GC(15) Old regions: 1->1
[2026-09-25T22:44:13.582+0000][7422ms][info][gc,heap     ] GC(15) Humongous regions: 0->0
[2026-09-25T22:44:13.582+0000][7422ms][info][gc,metaspace] GC(15) Metaspace: 6696K(7040K)->6696K(7040K) NonClass: 6032K(6208K)->6032K(6208K) Class: 664K(832K)->664K(832K)
[2026-09-25T22:44:13.582+0000][7422ms][info][gc          ] GC(15) Pause Young (Normal) (G1 Evacuation Pause) 149M->5M(254M) 2.358ms
[2026-09-25T22:44:13.582+0000][7422ms][info][gc,cpu      ] GC(15) User=0.06s Sys=0.03s Real=0.00s
[2026-09-25T22:44:13.994+0000][7834ms][info][gc,start    ] GC(16) Pause Young (Normal) (G1 Evacuation Pause)
[2026-09-25T22:44:13.994+0000][7834ms][info][gc,task     ] GC(16) Using 6 workers of 13 for evacuation
[2026-09-25T22:44:13.996+0000][7836ms][info][gc,phases   ] GC(16)   Pre Evacuate Collection Set: 0.11ms
[2026-09-25T22:44:13.996+0000][7836ms][info][gc,phases   ] GC(16)   Merge Heap Roots: 0.05ms
[2026-09-25T22:44:13.996+0000][7836ms][info][gc,phases   ] GC(16)   Evacuate Collection Set: 1.40ms
[2026-09-25T22:44:13.996+0000][7836ms][info][gc,phases   ] GC(16)   Post Evacuate Collection Set: 0.34ms
[2026-09-25T22:44:13.997+0000][7836ms][info][gc,phases   ] GC(16)   Other: 0.07ms
[2026-09-25T22:44:13.997+0000][7836ms][info][gc,heap     ] GC(16) Eden regions: 72->0(73)
[2026-09-25T22:44:13.997+0000][7836ms][info][gc,heap     ] GC(16) Survivor regions: 3->2(10)
[2026-09-25T22:44:13.997+0000][7836ms][info][gc,heap     ] GC(16) Old regions: 1->2
[2026-09-25T22:44:13.997+0000][7836ms][info][gc,heap     ] GC(16) Humongous regions: 0->0
[2026-09-25T22:44:13.997+0000][7836ms][info][gc,metaspace] GC(16) Metaspace: 6699K(7040K)->6699K(7040K) NonClass: 6035K(6208K)->6035K(6208K) Class: 664K(832K)->664K(832K)
[2026-09-25T22:44:13.997+0000][7836ms][info][gc          ] GC(16) Pause Young (Normal) (G1 Evacuation Pause) 149M->5M(254M) 2.138ms
[2026-09-25T22:44:13.997+0000][7836ms][info][gc,cpu      ] GC(16) User=0.00s Sys=0.00s Real=0.00s
[2026-09-25T22:44:14.423+0000][8263ms][info][gc,start    ] GC(17) Pause Young (Normal) (G1 Evacuation Pause)
[2026-09-25T22:44:14.423+0000][8263ms][info][gc,task     ] GC(17) Using 6 workers of 13 for evacuation
[2026-09-25T22:44:14.424+0000][8264ms][info][gc,phases   ] GC(17)   Pre Evacuate Collection Set: 0.08ms
[2026-09-25T22:44:14.424+0000][8264ms][info][gc,phases   ] GC(17)   Merge Heap Roots: 0.03ms
[2026-09-25T22:44:14.424+0000][8264ms][info][gc,phases   ] GC(17)   Evacuate Collection Set: 1.06ms
[2026-09-25T22:44:14.424+0000][8264ms][info][gc,phases   ] GC(17)   Post Evacuate Collection Set: 0.27ms
[2026-09-25T22:44:14.424+0000][8264ms][info][gc,phases   ] GC(17)   Other: 0.08ms
[2026-09-25T22:44:14.424+0000][8264ms][info][gc,heap     ] GC(17) Eden regions: 73->0(73)
[2026-09-25T22:44:14.424+0000][8264ms][info][gc,heap     ] GC(17) Survivor regions: 2->2(10)
[2026-09-25T22:44:14.424+0000][8264ms][info][gc,heap     ] GC(17) Old regions: 2->3
[2026-09-25T22:44:14.424+0000][8264ms][info][gc,heap     ] GC(17) Humongous regions: 0->0
[2026-09-25T22:44:14.424+0000][8264ms][info][gc,metaspace] GC(17) Metaspace: 6699K(7040K)->6699K(7040K) NonClass: 6035K(6208K)->6035K(6208K) Class: 664K(832K)->664K(832K)
[2026-09-25T22:44:14.424+0000][8264ms][info][gc          ] GC(17) Pause Young (Normal) (G1 Evacuation Pause) 151M->6M(254M) 1.712ms
[2026-09-25T22:44:14.424+0000][8264ms][info][gc,cpu      ] GC(17) User=0.06s Sys=0.03s Real=0.00s
[2026-09-25T22:44:14.847+0000][8686ms][info][gc,start    ] GC(18) Pause Young (Normal) (G1 Evacuation Pause)
[2026-09-25T22:44:14.847+0000][8686ms][info][gc,task     ] GC(18) Using 6 workers of 13 for evacuation
[2026-09-25T22:44:14.848+0000][8687ms][info][gc,phases   ] GC(18)   Pre Evacuate Collection Set: 0.08ms
[2026-09-25T22:44:14.848+0000][8687ms][info][gc,phases   ] GC(18)   Merge Heap Roots: 0.03ms
[2026-09-25T22:44:14.848+0000][8687ms][info][gc,phases   ] GC(18)   Evacuate Collection Set: 0.25ms
[2026-09-25T22:44:14.848+0000][8687ms][info][gc,phases   ] GC(18)   Post Evacuate Collection Set: 0.21ms
[2026-09-25T22:44:14.848+0000][8687ms][info][gc,phases   ] GC(18)   Other: 0.06ms
[2026-09-25T22:44:14.848+0000][8687ms][info][gc,heap     ] GC(18) Eden regions: 73->0(74)
[2026-09-25T22:44:14.848+0000][8687ms][info][gc,heap     ] GC(18) Survivor regions: 2->1(10)
[2026-09-25T22:44:14.848+0000][8687ms][info][gc,heap     ] GC(18) Old regions: 3->3
[2026-09-25T22:44:14.848+0000][8687ms][info][gc,heap     ] GC(18) Humongous regions: 0->0
[2026-09-25T22:44:14.848+0000][8687ms][info][gc,metaspace] GC(18) Metaspace: 6699K(7040K)->6699K(7040K) NonClass: 6035K(6208K)->6035K(6208K) Class: 664K(832K)->664K(832K)
[2026-09-25T22:44:14.848+0000][8687ms][info][gc          ] GC(18) Pause Young (Normal) (G1 Evacuation Pause) 152M->5M(254M) 0.817ms
[2026-09-25T22:44:14.848+0000][8687ms][info][gc,cpu      ] GC(18) User=0.00s Sys=0.00s Real=0.00s
[2026-09-25T22:44:15.270+0000][9109ms][info][gc,start    ] GC(19) Pause Young (Normal) (G1 Evacuation Pause)
[2026-09-25T22:44:15.270+0000][9109ms][info][gc,task     ] GC(19) Using 6 workers of 13 for evacuation
[2026-09-25T22:44:15.271+0000][9110ms][info][gc,phases   ] GC(19)   Pre Evacuate Collection Set: 0.10ms
[2026-09-25T22:44:15.271+0000][9110ms][info][gc,phases   ] GC(19)   Merge Heap Roots: 0.03ms
[2026-09-25T22:44:15.271+0000][9110ms][info][gc,phases   ] GC(19)   Evacuate Collection Set: 0.29ms
[2026-09-25T22:44:15.271+0000][9110ms][info][gc,phases   ] GC(19)   Post Evacuate Collection Set: 0.24ms
[2026-09-25T22:44:15.271+0000][9110ms][info][gc,phases   ] GC(19)   Other: 0.06ms
[2026-09-25T22:44:15.271+0000][9110ms][info][gc,heap     ] GC(19) Eden regions: 74->0(74)
[2026-09-25T22:44:15.271+0000][9110ms][info][gc,heap     ] GC(19) Survivor regions: 1->1(10)
[2026-09-25T22:44:15.271+0000][9110ms][info][gc,heap     ] GC(19) Old regions: 3->3
[2026-09-25T22:44:15.271+0000][9110ms][info][gc,heap     ] GC(19) Humongous regions: 0->0
[2026-09-25T22:44:15.271+0000][9110ms][info][gc,metaspace] GC(19) Metaspace: 6699K(7040K)->6699K(7040K) NonClass: 6035K(6208K)->6035K(6208K) Class: 664K(832K)->664K(832K)
[2026-09-25T22:44:15.271+0000][9110ms][info][gc          ] GC(19) Pause Young (Normal) (G1 Evacuation Pause) 153M->6M(254M) 0.901ms
[2026-09-25T22:44:15.271+0000][9110ms][info][gc,cpu      ] GC(19) User=0.00s Sys=0.00s Real=0.00s
[2026-09-25T22:44:15.690+0000][9529ms][info][gc,start    ] GC(20) Pause Young (Normal) (G1 Evacuation Pause)
[2026-09-25T22:44:15.690+0000][9529ms][info][gc,task     ] GC(20) Using 6 workers of 13 for evacuation
[2026-09-25T22:44:15.691+0000][9530ms][info][gc,phases   ] GC(20)   Pre Evacuate Collection Set: 0.08ms
[2026-09-25T22:44:15.691+0000][9530ms][info][gc,phases   ] GC(20)   Merge Heap Roots: 0.03ms
[2026-09-25T22:44:15.691+0000][9530ms][info][gc,phases   ] GC(20)   Evacuate Collection Set: 0.24ms
[2026-09-25T22:44:15.691+0000][9530ms][info][gc,phases   ] GC(20)   Post Evacuate Collection Set: 0.25ms
[2026-09-25T22:44:15.691+0000][9530ms][info][gc,phases   ] GC(20)   Other: 0.10ms
[2026-09-25T22:44:15.691+0000][9530ms][info][gc,heap     ] GC(20) Eden regions: 74->0(74)
[2026-09-25T22:44:15.691+0000][9530ms][info][gc,heap     ] GC(20) Survivor regions: 1->1(10)
[2026-09-25T22:44:15.691+0000][9530ms][info][gc,heap     ] GC(20) Old regions: 3->3
[2026-09-25T22:44:15.691+0000][9530ms][info][gc,heap     ] GC(20) Humongous regions: 0->0
[2026-09-25T22:44:15.691+0000][9530ms][info][gc,metaspace] GC(20) Metaspace: 6699K(7040K)->6699K(7040K) NonClass: 6035K(6208K)->6035K(6208K) Class: 664K(832K)->664K(832K)
[2026-09-25T22:44:15.691+0000][9530ms][info][gc          ] GC(20) Pause Young (Normal) (G1 Evacuation Pause) 154M->6M(254M) 0.915ms
[2026-09-25T22:44:15.691+0000][9530ms][info][gc,cpu      ] GC(20) User=0.02s Sys=0.00s Real=0.00s
[2026-09-25T22:44:16.202+0000][10041ms][info][gc,start    ] GC(21) Pause Young (Normal) (G1 Evacuation Pause)
[2026-09-25T22:44:16.202+0000][10041ms][info][gc,task     ] GC(21) Using 6 workers of 13 for evacuation
[2026-09-25T22:44:16.203+0000][10042ms][info][gc,phases   ] GC(21)   Pre Evacuate Collection Set: 0.08ms
[2026-09-25T22:44:16.203+0000][10042ms][info][gc,phases   ] GC(21)   Merge Heap Roots: 0.06ms
[2026-09-25T22:44:16.203+0000][10042ms][info][gc,phases   ] GC(21)   Evacuate Collection Set: 0.26ms
[2026-09-25T22:44:16.203+0000][10042ms][info][gc,phases   ] GC(21)   Post Evacuate Collection Set: 0.23ms
[2026-09-25T22:44:16.203+0000][10042ms][info][gc,phases   ] GC(21)   Other: 0.06ms
[2026-09-25T22:44:16.203+0000][10042ms][info][gc,heap     ] GC(21) Eden regions: 74->0(74)
[2026-09-25T22:44:16.203+0000][10042ms][info][gc,heap     ] GC(21) Survivor regions: 1->1(10)
[2026-09-25T22:44:16.203+0000][10042ms][info][gc,heap     ] GC(21) Old regions: 3->3
[2026-09-25T22:44:16.203+0000][10042ms][info][gc,heap     ] GC(21) Humongous regions: 0->0
[2026-09-25T22:44:16.203+0000][10042ms][info][gc,metaspace] GC(21) Metaspace: 6704K(7104K)->6704K(7104K) NonClass: 6038K(6272K)->6038K(6272K) Class: 665K(832K)->665K(832K)
[2026-09-25T22:44:16.203+0000][10042ms][info][gc          ] GC(21) Pause Young (Normal) (G1 Evacuation Pause) 154M->6M(254M) 0.961ms
[2026-09-25T22:44:16.203+0000][10042ms][info][gc,cpu      ] GC(21) User=0.00s Sys=0.00s Real=0.00s
[2026-09-25T22:44:16.757+0000][10597ms][info][gc,start    ] GC(22) Pause Young (Normal) (G1 Evacuation Pause)
[2026-09-25T22:44:16.757+0000][10597ms][info][gc,task     ] GC(22) Using 6 workers of 13 for evacuation
[2026-09-25T22:44:16.758+0000][10598ms][info][gc,phases   ] GC(22)   Pre Evacuate Collection Set: 0.10ms
[2026-09-25T22:44:16.758+0000][10598ms][info][gc,phases   ] GC(22)   Merge Heap Roots: 0.07ms
[2026-09-25T22:44:16.758+0000][10598ms][info][gc,phases   ] GC(22)   Evacuate Collection Set: 0.28ms
[2026-09-25T22:44:16.758+0000][10598ms][info][gc,phases   ] GC(22)   Post Evacuate Collection Set: 0.38ms
[2026-09-25T22:44:16.758+0000][10598ms][info][gc,phases   ] GC(22)   Other: 0.09ms
[2026-09-25T22:44:16.758+0000][10599ms][info][gc,heap     ] GC(22) Eden regions: 74->0(74)
[2026-09-25T22:44:16.758+0000][10599ms][info][gc,heap     ] GC(22) Survivor regions: 1->1(10)
[2026-09-25T22:44:16.758+0000][10599ms][info][gc,heap     ] GC(22) Old regions: 3->3
[2026-09-25T22:44:16.758+0000][10599ms][info][gc,heap     ] GC(22) Humongous regions: 0->0
[2026-09-25T22:44:16.758+0000][10599ms][info][gc,metaspace] GC(22) Metaspace: 6704K(7104K)->6704K(7104K) NonClass: 6038K(6272K)->6038K(6272K) Class: 665K(832K)->665K(832K)
[2026-09-25T22:44:16.758+0000][10599ms][info][gc          ] GC(22) Pause Young (Normal) (G1 Evacuation Pause) 154M->5M(254M) 1.138ms
[2026-09-25T22:44:16.758+0000][10599ms][info][gc,cpu      ] GC(22) User=0.00s Sys=0.00s Real=0.00s
[2026-09-25T22:44:17.378+0000][11218ms][info][gc,start    ] GC(23) Pause Young (Normal) (G1 Evacuation Pause)
[2026-09-25T22:44:17.378+0000][11218ms][info][gc,task     ] GC(23) Using 6 workers of 13 for evacuation
[2026-09-25T22:44:17.379+0000][11218ms][info][gc,phases   ] GC(23)   Pre Evacuate Collection Set: 0.10ms
[2026-09-25T22:44:17.379+0000][11219ms][info][gc,phases   ] GC(23)   Merge Heap Roots: 0.07ms
[2026-09-25T22:44:17.379+0000][11219ms][info][gc,phases   ] GC(23)   Evacuate Collection Set: 0.27ms
[2026-09-25T22:44:17.379+0000][11219ms][info][gc,phases   ] GC(23)   Post Evacuate Collection Set: 0.30ms
[2026-09-25T22:44:17.379+0000][11219ms][info][gc,phases   ] GC(23)   Other: 0.08ms
[2026-09-25T22:44:17.379+0000][11219ms][info][gc,heap     ] GC(23) Eden regions: 74->0(74)
[2026-09-25T22:44:17.379+0000][11219ms][info][gc,heap     ] GC(23) Survivor regions: 1->1(10)
[2026-09-25T22:44:17.379+0000][11219ms][info][gc,heap     ] GC(23) Old regions: 3->3
[2026-09-25T22:44:17.379+0000][11219ms][info][gc,heap     ] GC(23) Humongous regions: 0->0
[2026-09-25T22:44:17.379+0000][11219ms][info][gc,metaspace] GC(23) Metaspace: 6704K(7104K)->6704K(7104K) NonClass: 6038K(6272K)->6038K(6272K) Class: 665K(832K)->665K(832K)
[2026-09-25T22:44:17.379+0000][11219ms][info][gc          ] GC(23) Pause Young (Normal) (G1 Evacuation Pause) 153M->5M(254M) 1.008ms
[2026-09-25T22:44:17.379+0000][11219ms][info][gc,cpu      ] GC(23) User=0.00s Sys=0.00s Real=0.00s
[2026-09-25T22:44:17.960+0000][11801ms][info][gc,start    ] GC(24) Pause Young (Normal) (G1 Evacuation Pause)
[2026-09-25T22:44:17.961+0000][11801ms][info][gc,task     ] GC(24) Using 6 workers of 13 for evacuation
[2026-09-25T22:44:17.961+0000][11801ms][info][gc,phases   ] GC(24)   Pre Evacuate Collection Set: 0.11ms
[2026-09-25T22:44:17.961+0000][11801ms][info][gc,phases   ] GC(24)   Merge Heap Roots: 0.03ms
[2026-09-25T22:44:17.961+0000][11802ms][info][gc,phases   ] GC(24)   Evacuate Collection Set: 0.28ms
[2026-09-25T22:44:17.961+0000][11802ms][info][gc,phases   ] GC(24)   Post Evacuate Collection Set: 0.23ms
[2026-09-25T22:44:17.961+0000][11802ms][info][gc,phases   ] GC(24)   Other: 0.08ms
[2026-09-25T22:44:17.961+0000][11802ms][info][gc,heap     ] GC(24) Eden regions: 74->0(74)
[2026-09-25T22:44:17.961+0000][11802ms][info][gc,heap     ] GC(24) Survivor regions: 1->1(10)
[2026-09-25T22:44:17.961+0000][11802ms][info][gc,heap     ] GC(24) Old regions: 3->3
[2026-09-25T22:44:17.961+0000][11802ms][info][gc,heap     ] GC(24) Humongous regions: 0->0
[2026-09-25T22:44:17.961+0000][11802ms][info][gc,metaspace] GC(24) Metaspace: 6704K(7104K)->6704K(7104K) NonClass: 6038K(6272K)->6038K(6272K) Class: 665K(832K)->665K(832K)
[2026-09-25T22:44:17.962+0000][11802ms][info][gc          ] GC(24) Pause Young (Normal) (G1 Evacuation Pause) 153M->6M(254M) 1.036ms
[2026-09-25T22:44:17.962+0000][11802ms][info][gc,cpu      ] GC(24) User=0.00s Sys=0.00s Real=0.00s
[2026-09-25T22:44:18.703+0000][12543ms][info][gc,start    ] GC(25) Pause Young (Normal) (G1 Evacuation Pause)
[2026-09-25T22:44:18.703+0000][12543ms][info][gc,task     ] GC(25) Using 6 workers of 13 for evacuation
[2026-09-25T22:44:18.704+0000][12543ms][info][gc,phases   ] GC(25)   Pre Evacuate Collection Set: 0.09ms
[2026-09-25T22:44:18.704+0000][12543ms][info][gc,phases   ] GC(25)   Merge Heap Roots: 0.03ms
[2026-09-25T22:44:18.704+0000][12543ms][info][gc,phases   ] GC(25)   Evacuate Collection Set: 0.24ms
[2026-09-25T22:44:18.704+0000][12544ms][info][gc,phases   ] GC(25)   Post Evacuate Collection Set: 0.25ms
[2026-09-25T22:44:18.704+0000][12544ms][info][gc,phases   ] GC(25)   Other: 0.07ms
[2026-09-25T22:44:18.704+0000][12544ms][info][gc,heap     ] GC(25) Eden regions: 74->0(74)
[2026-09-25T22:44:18.704+0000][12544ms][info][gc,heap     ] GC(25) Survivor regions: 1->1(10)
[2026-09-25T22:44:18.704+0000][12544ms][info][gc,heap     ] GC(25) Old regions: 3->3
[2026-09-25T22:44:18.704+0000][12544ms][info][gc,heap     ] GC(25) Humongous regions: 0->0
[2026-09-25T22:44:18.704+0000][12544ms][info][gc,metaspace] GC(25) Metaspace: 6749K(7168K)->6749K(7168K) NonClass: 6079K(6336K)->6079K(6336K) Class: 670K(832K)->670K(832K)
[2026-09-25T22:44:18.704+0000][12544ms][info][gc          ] GC(25) Pause Young (Normal) (G1 Evacuation Pause) 154M->6M(254M) 0.834ms
[2026-09-25T22:44:18.704+0000][12544ms][info][gc,cpu      ] GC(25) User=0.00s Sys=0.00s Real=0.00s
[2026-09-25T22:44:19.128+0000][12968ms][info][gc,start    ] GC(26) Pause Young (Normal) (G1 Evacuation Pause)
[2026-09-25T22:44:19.128+0000][12968ms][info][gc,task     ] GC(26) Using 6 workers of 13 for evacuation
[2026-09-25T22:44:19.129+0000][12969ms][info][gc,phases   ] GC(26)   Pre Evacuate Collection Set: 0.12ms
[2026-09-25T22:44:19.129+0000][12969ms][info][gc,phases   ] GC(26)   Merge Heap Roots: 0.04ms
[2026-09-25T22:44:19.129+0000][12969ms][info][gc,phases   ] GC(26)   Evacuate Collection Set: 0.34ms
[2026-09-25T22:44:19.129+0000][12969ms][info][gc,phases   ] GC(26)   Post Evacuate Collection Set: 0.30ms
[2026-09-25T22:44:19.129+0000][12969ms][info][gc,phases   ] GC(26)   Other: 0.08ms
[2026-09-25T22:44:19.129+0000][12969ms][info][gc,heap     ] GC(26) Eden regions: 74->0(74)
[2026-09-25T22:44:19.129+0000][12969ms][info][gc,heap     ] GC(26) Survivor regions: 1->1(10)
[2026-09-25T22:44:19.129+0000][12969ms][info][gc,heap     ] GC(26) Old regions: 3->3
[2026-09-25T22:44:19.129+0000][12969ms][info][gc,heap     ] GC(26) Humongous regions: 0->0
[2026-09-25T22:44:19.129+0000][12969ms][info][gc,metaspace] GC(26) Metaspace: 6749K(7168K)->6749K(7168K) NonClass: 6079K(6336K)->6079K(6336K) Class: 670K(832K)->670K(832K)
[2026-09-25T22:44:19.129+0000][12969ms][info][gc          ] GC(26) Pause Young (Normal) (G1 Evacuation Pause) 154M->6M(254M) 1.146ms
[2026-09-25T22:44:19.129+0000][12969ms][info][gc,cpu      ] GC(26) User=0.00s Sys=0.00s Real=0.00s
[2026-09-25T22:44:19.568+0000][13408ms][info][gc,start    ] GC(27) Pause Young (Normal) (G1 Evacuation Pause)
[2026-09-25T22:44:19.568+0000][13408ms][info][gc,task     ] GC(27) Using 6 workers of 13 for evacuation
[2026-09-25T22:44:19.569+0000][13408ms][info][gc,phases   ] GC(27)   Pre Evacuate Collection Set: 0.08ms
[2026-09-25T22:44:19.569+0000][13408ms][info][gc,phases   ] GC(27)   Merge Heap Roots: 0.03ms
[2026-09-25T22:44:19.569+0000][13408ms][info][gc,phases   ] GC(27)   Evacuate Collection Set: 0.22ms
[2026-09-25T22:44:19.569+0000][13408ms][info][gc,phases   ] GC(27)   Post Evacuate Collection Set: 0.19ms
[2026-09-25T22:44:19.569+0000][13408ms][info][gc,phases   ] GC(27)   Other: 0.07ms
[2026-09-25T22:44:19.569+0000][13408ms][info][gc,heap     ] GC(27) Eden regions: 74->0(74)
[2026-09-25T22:44:19.569+0000][13408ms][info][gc,heap     ] GC(27) Survivor regions: 1->1(10)
[2026-09-25T22:44:19.569+0000][13408ms][info][gc,heap     ] GC(27) Old regions: 3->3
[2026-09-25T22:44:19.569+0000][13408ms][info][gc,heap     ] GC(27) Humongous regions: 0->0
[2026-09-25T22:44:19.569+0000][13408ms][info][gc,metaspace] GC(27) Metaspace: 6750K(7168K)->6750K(7168K) NonClass: 6079K(6336K)->6079K(6336K) Class: 670K(832K)->670K(832K)
[2026-09-25T22:44:19.569+0000][13408ms][info][gc          ] GC(27) Pause Young (Normal) (G1 Evacuation Pause) 154M->6M(254M) 0.760ms
[2026-09-25T22:44:19.569+0000][13408ms][info][gc,cpu      ] GC(27) User=0.00s Sys=0.00s Real=0.00s
[2026-09-25T22:44:19.990+0000][13830ms][info][gc,start    ] GC(28) Pause Young (Normal) (G1 Evacuation Pause)
[2026-09-25T22:44:19.990+0000][13830ms][info][gc,task     ] GC(28) Using 6 workers of 13 for evacuation
[2026-09-25T22:44:19.991+0000][13831ms][info][gc,phases   ] GC(28)   Pre Evacuate Collection Set: 0.09ms
[2026-09-25T22:44:19.991+0000][13831ms][info][gc,phases   ] GC(28)   Merge Heap Roots: 0.03ms
[2026-09-25T22:44:19.991+0000][13831ms][info][gc,phases   ] GC(28)   Evacuate Collection Set: 0.27ms
[2026-09-25T22:44:19.991+0000][13831ms][info][gc,phases   ] GC(28)   Post Evacuate Collection Set: 0.20ms
[2026-09-25T22:44:19.991+0000][13831ms][info][gc,phases   ] GC(28)   Other: 0.06ms
[2026-09-25T22:44:19.991+0000][13831ms][info][gc,heap     ] GC(28) Eden regions: 74->0(74)
[2026-09-25T22:44:19.991+0000][13831ms][info][gc,heap     ] GC(28) Survivor regions: 1->1(10)
[2026-09-25T22:44:19.991+0000][13831ms][info][gc,heap     ] GC(28) Old regions: 3->3
[2026-09-25T22:44:19.991+0000][13831ms][info][gc,heap     ] GC(28) Humongous regions: 0->0
[2026-09-25T22:44:19.991+0000][13831ms][info][gc,metaspace] GC(28) Metaspace: 6750K(7168K)->6750K(7168K) NonClass: 6079K(6336K)->6079K(6336K) Class: 670K(832K)->670K(832K)
[2026-09-25T22:44:19.991+0000][13831ms][info][gc          ] GC(28) Pause Young (Normal) (G1 Evacuation Pause) 154M->6M(254M) 0.833ms
[2026-09-25T22:44:19.991+0000][13831ms][info][gc,cpu      ] GC(28) User=0.00s Sys=0.00s Real=0.00s
[2026-09-25T22:44:20.416+0000][14256ms][info][gc,start    ] GC(29) Pause Young (Normal) (G1 Evacuation Pause)
[2026-09-25T22:44:20.416+0000][14256ms][info][gc,task     ] GC(29) Using 6 workers of 13 for evacuation
[2026-09-25T22:44:20.416+0000][14256ms][info][gc,phases   ] GC(29)   Pre Evacuate Collection Set: 0.07ms
[2026-09-25T22:44:20.416+0000][14256ms][info][gc,phases   ] GC(29)   Merge Heap Roots: 0.03ms
[2026-09-25T22:44:20.416+0000][14256ms][info][gc,phases   ] GC(29)   Evacuate Collection Set: 0.23ms
[2026-09-25T22:44:20.416+0000][14256ms][info][gc,phases   ] GC(29)   Post Evacuate Collection Set: 0.18ms
[2026-09-25T22:44:20.416+0000][14256ms][info][gc,phases   ] GC(29)   Other: 0.06ms
[2026-09-25T22:44:20.416+0000][14256ms][info][gc,heap     ] GC(29) Eden regions: 74->0(74)
[2026-09-25T22:44:20.416+0000][14256ms][info][gc,heap     ] GC(29) Survivor regions: 1->1(10)
[2026-09-25T22:44:20.417+0000][14256ms][info][gc,heap     ] GC(29) Old regions: 3->3
[2026-09-25T22:44:20.417+0000][14256ms][info][gc,heap     ] GC(29) Humongous regions: 0->0
[2026-09-25T22:44:20.417+0000][14256ms][info][gc,metaspace] GC(29) Metaspace: 6752K(7168K)->6752K(7168K) NonClass: 6081K(6336K)->6081K(6336K) Class: 670K(832K)->670K(832K)
[2026-09-25T22:44:20.417+0000][14257ms][info][gc          ] GC(29) Pause Young (Normal) (G1 Evacuation Pause) 154M->5M(254M) 0.805ms
[2026-09-25T22:44:20.417+0000][14257ms][info][gc,cpu      ] GC(29) User=0.00s Sys=0.00s Real=0.00s
[2026-09-25T22:44:20.853+0000][14693ms][info][gc,start    ] GC(30) Pause Young (Normal) (G1 Evacuation Pause)
[2026-09-25T22:44:20.853+0000][14693ms][info][gc,task     ] GC(30) Using 6 workers of 13 for evacuation
[2026-09-25T22:44:20.854+0000][14694ms][info][gc,phases   ] GC(30)   Pre Evacuate Collection Set: 0.07ms
[2026-09-25T22:44:20.854+0000][14694ms][info][gc,phases   ] GC(30)   Merge Heap Roots: 0.03ms
[2026-09-25T22:44:20.854+0000][14694ms][info][gc,phases   ] GC(30)   Evacuate Collection Set: 0.23ms
[2026-09-25T22:44:20.854+0000][14694ms][info][gc,phases   ] GC(30)   Post Evacuate Collection Set: 0.21ms
[2026-09-25T22:44:20.854+0000][14694ms][info][gc,phases   ] GC(30)   Other: 0.06ms
[2026-09-25T22:44:20.854+0000][14694ms][info][gc,heap     ] GC(30) Eden regions: 74->0(74)
[2026-09-25T22:44:20.854+0000][14694ms][info][gc,heap     ] GC(30) Survivor regions: 1->1(10)
[2026-09-25T22:44:20.854+0000][14694ms][info][gc,heap     ] GC(30) Old regions: 3->3
[2026-09-25T22:44:20.854+0000][14694ms][info][gc,heap     ] GC(30) Humongous regions: 0->0
[2026-09-25T22:44:20.854+0000][14694ms][info][gc,metaspace] GC(30) Metaspace: 6752K(7168K)->6752K(7168K) NonClass: 6081K(6336K)->6081K(6336K) Class: 670K(832K)->670K(832K)
[2026-09-25T22:44:20.854+0000][14694ms][info][gc          ] GC(30) Pause Young (Normal) (G1 Evacuation Pause) 153M->5M(254M) 0.767ms
[2026-09-25T22:44:20.854+0000][14694ms][info][gc,cpu      ] GC(30) User=0.00s Sys=0.00s Real=0.00s
[2026-09-25T22:44:21.260+0000][15100ms][info][gc,start    ] GC(31) Pause Young (Normal) (G1 Evacuation Pause)
[2026-09-25T22:44:21.260+0000][15100ms][info][gc,task     ] GC(31) Using 6 workers of 13 for evacuation
[2026-09-25T22:44:21.260+0000][15100ms][info][gc,phases   ] GC(31)   Pre Evacuate Collection Set: 0.09ms
[2026-09-25T22:44:21.260+0000][15100ms][info][gc,phases   ] GC(31)   Merge Heap Roots: 0.03ms
[2026-09-25T22:44:21.260+0000][15100ms][info][gc,phases   ] GC(31)   Evacuate Collection Set: 0.21ms
[2026-09-25T22:44:21.260+0000][15100ms][info][gc,phases   ] GC(31)   Post Evacuate Collection Set: 0.22ms
[2026-09-25T22:44:21.260+0000][15100ms][info][gc,phases   ] GC(31)   Other: 0.08ms
[2026-09-25T22:44:21.260+0000][15100ms][info][gc,heap     ] GC(31) Eden regions: 74->0(74)
[2026-09-25T22:44:21.260+0000][15100ms][info][gc,heap     ] GC(31) Survivor regions: 1->1(10)
[2026-09-25T22:44:21.260+0000][15100ms][info][gc,heap     ] GC(31) Old regions: 3->3
[2026-09-25T22:44:21.260+0000][15100ms][info][gc,heap     ] GC(31) Humongous regions: 0->0
[2026-09-25T22:44:21.260+0000][15100ms][info][gc,metaspace] GC(31) Metaspace: 6752K(7168K)->6752K(7168K) NonClass: 6081K(6336K)->6081K(6336K) Class: 670K(832K)->670K(832K)
[2026-09-25T22:44:21.260+0000][15100ms][info][gc          ] GC(31) Pause Young (Normal) (G1 Evacuation Pause) 153M->6M(254M) 0.810ms
[2026-09-25T22:44:21.260+0000][15100ms][info][gc,cpu      ] GC(31) User=0.00s Sys=0.00s Real=0.00s
[2026-09-25T22:44:21.745+0000][15585ms][info][gc,start    ] GC(32) Pause Young (Normal) (G1 Evacuation Pause)
[2026-09-25T22:44:21.745+0000][15585ms][info][gc,task     ] GC(32) Using 6 workers of 13 for evacuation
[2026-09-25T22:44:21.746+0000][15586ms][info][gc,phases   ] GC(32)   Pre Evacuate Collection Set: 0.08ms
[2026-09-25T22:44:21.746+0000][15586ms][info][gc,phases   ] GC(32)   Merge Heap Roots: 0.03ms
[2026-09-25T22:44:21.746+0000][15586ms][info][gc,phases   ] GC(32)   Evacuate Collection Set: 0.21ms
[2026-09-25T22:44:21.746+0000][15586ms][info][gc,phases   ] GC(32)   Post Evacuate Collection Set: 0.23ms
[2026-09-25T22:44:21.746+0000][15586ms][info][gc,phases   ] GC(32)   Other: 0.08ms
[2026-09-25T22:44:21.746+0000][15586ms][info][gc,heap     ] GC(32) Eden regions: 74->0(74)
[2026-09-25T22:44:21.746+0000][15586ms][info][gc,heap     ] GC(32) Survivor regions: 1->1(10)
[2026-09-25T22:44:21.746+0000][15586ms][info][gc,heap     ] GC(32) Old regions: 3->3
[2026-09-25T22:44:21.746+0000][15586ms][info][gc,heap     ] GC(32) Humongous regions: 0->0
[2026-09-25T22:44:21.746+0000][15586ms][info][gc,metaspace] GC(32) Metaspace: 6756K(7168K)->6756K(7168K) NonClass: 6085K(6336K)->6085K(6336K) Class: 671K(832K)->671K(832K)
[2026-09-25T22:44:21.746+0000][15586ms][info][gc          ] GC(32) Pause Young (Normal) (G1 Evacuation Pause) 154M->6M(254M) 0.828ms
[2026-09-25T22:44:21.746+0000][15586ms][info][gc,cpu      ] GC(32) User=0.00s Sys=0.00s Real=0.00s
[2026-09-25T22:44:22.305+0000][16145ms][info][gc,start    ] GC(33) Pause Young (Normal) (G1 Evacuation Pause)
[2026-09-25T22:44:22.305+0000][16145ms][info][gc,task     ] GC(33) Using 6 workers of 13 for evacuation
[2026-09-25T22:44:22.306+0000][16146ms][info][gc,phases   ] GC(33)   Pre Evacuate Collection Set: 0.08ms
[2026-09-25T22:44:22.306+0000][16146ms][info][gc,phases   ] GC(33)   Merge Heap Roots: 0.04ms
[2026-09-25T22:44:22.306+0000][16146ms][info][gc,phases   ] GC(33)   Evacuate Collection Set: 0.19ms
[2026-09-25T22:44:22.306+0000][16146ms][info][gc,phases   ] GC(33)   Post Evacuate Collection Set: 0.27ms
[2026-09-25T22:44:22.306+0000][16146ms][info][gc,phases   ] GC(33)   Other: 0.06ms
[2026-09-25T22:44:22.306+0000][16146ms][info][gc,heap     ] GC(33) Eden regions: 74->0(74)
[2026-09-25T22:44:22.306+0000][16146ms][info][gc,heap     ] GC(33) Survivor regions: 1->1(10)
[2026-09-25T22:44:22.306+0000][16146ms][info][gc,heap     ] GC(33) Old regions: 3->3
[2026-09-25T22:44:22.306+0000][16146ms][info][gc,heap     ] GC(33) Humongous regions: 0->0
[2026-09-25T22:44:22.306+0000][16146ms][info][gc,metaspace] GC(33) Metaspace: 6756K(7168K)->6756K(7168K) NonClass: 6085K(6336K)->6085K(6336K) Class: 671K(832K)->671K(832K)
[2026-09-25T22:44:22.306+0000][16146ms][info][gc          ] GC(33) Pause Young (Normal) (G1 Evacuation Pause) 154M->6M(254M) 0.794ms
[2026-09-25T22:44:22.306+0000][16146ms][info][gc,cpu      ] GC(33) User=0.00s Sys=0.00s Real=0.00s
[2026-09-25T22:44:22.833+0000][16673ms][info][gc,start    ] GC(34) Pause Young (Normal) (G1 Evacuation Pause)
[2026-09-25T22:44:22.833+0000][16673ms][info][gc,task     ] GC(34) Using 6 workers of 13 for evacuation
[2026-09-25T22:44:22.834+0000][16674ms][info][gc,phases   ] GC(34)   Pre Evacuate Collection Set: 0.11ms
[2026-09-25T22:44:22.834+0000][16674ms][info][gc,phases   ] GC(34)   Merge Heap Roots: 0.04ms
[2026-09-25T22:44:22.834+0000][16674ms][info][gc,phases   ] GC(34)   Evacuate Collection Set: 0.21ms
[2026-09-25T22:44:22.834+0000][16674ms][info][gc,phases   ] GC(34)   Post Evacuate Collection Set: 0.29ms
[2026-09-25T22:44:22.834+0000][16674ms][info][gc,phases   ] GC(34)   Other: 0.08ms
[2026-09-25T22:44:22.834+0000][16674ms][info][gc,heap     ] GC(34) Eden regions: 74->0(74)
[2026-09-25T22:44:22.834+0000][16674ms][info][gc,heap     ] GC(34) Survivor regions: 1->1(10)
[2026-09-25T22:44:22.834+0000][16674ms][info][gc,heap     ] GC(34) Old regions: 3->3
[2026-09-25T22:44:22.834+0000][16674ms][info][gc,heap     ] GC(34) Humongous regions: 0->0
[2026-09-25T22:44:22.834+0000][16674ms][info][gc,metaspace] GC(34) Metaspace: 6756K(7168K)->6756K(7168K) NonClass: 6085K(6336K)->6085K(6336K) Class: 671K(832K)->671K(832K)
[2026-09-25T22:44:22.834+0000][16674ms][info][gc          ] GC(34) Pause Young (Normal) (G1 Evacuation Pause) 154M->6M(254M) 0.962ms
[2026-09-25T22:44:22.834+0000][16674ms][info][gc,cpu      ] GC(34) User=0.00s Sys=0.00s Real=0.00s
[2026-09-25T22:44:23.354+0000][17194ms][info][gc,start    ] GC(35) Pause Young (Normal) (G1 Evacuation Pause)
[2026-09-25T22:44:23.354+0000][17194ms][info][gc,task     ] GC(35) Using 6 workers of 13 for evacuation
[2026-09-25T22:44:23.354+0000][17195ms][info][gc,phases   ] GC(35)   Pre Evacuate Collection Set: 0.11ms
[2026-09-25T22:44:23.354+0000][17195ms][info][gc,phases   ] GC(35)   Merge Heap Roots: 0.03ms
[2026-09-25T22:44:23.354+0000][17195ms][info][gc,phases   ] GC(35)   Evacuate Collection Set: 0.19ms
[2026-09-25T22:44:23.354+0000][17195ms][info][gc,phases   ] GC(35)   Post Evacuate Collection Set: 0.25ms
[2026-09-25T22:44:23.354+0000][17195ms][info][gc,phases   ] GC(35)   Other: 0.07ms
[2026-09-25T22:44:23.354+0000][17195ms][info][gc,heap     ] GC(35) Eden regions: 74->0(74)
[2026-09-25T22:44:23.354+0000][17195ms][info][gc,heap     ] GC(35) Survivor regions: 1->1(10)
[2026-09-25T22:44:23.354+0000][17195ms][info][gc,heap     ] GC(35) Old regions: 3->3
[2026-09-25T22:44:23.354+0000][17195ms][info][gc,heap     ] GC(35) Humongous regions: 0->0
[2026-09-25T22:44:23.354+0000][17195ms][info][gc,metaspace] GC(35) Metaspace: 6756K(7168K)->6756K(7168K) NonClass: 6085K(6336K)->6085K(6336K) Class: 671K(832K)->671K(832K)
[2026-09-25T22:44:23.355+0000][17195ms][info][gc          ] GC(35) Pause Young (Normal) (G1 Evacuation Pause) 154M->6M(254M) 0.887ms
[2026-09-25T22:44:23.355+0000][17195ms][info][gc,cpu      ] GC(35) User=0.00s Sys=0.00s Real=0.00s
[2026-09-25T22:44:23.951+0000][17791ms][info][gc,start    ] GC(36) Pause Young (Normal) (G1 Evacuation Pause)
[2026-09-25T22:44:23.951+0000][17791ms][info][gc,task     ] GC(36) Using 6 workers of 13 for evacuation
[2026-09-25T22:44:23.953+0000][17792ms][info][gc,phases   ] GC(36)   Pre Evacuate Collection Set: 0.10ms
[2026-09-25T22:44:23.953+0000][17792ms][info][gc,phases   ] GC(36)   Merge Heap Roots: 0.04ms
[2026-09-25T22:44:23.953+0000][17792ms][info][gc,phases   ] GC(36)   Evacuate Collection Set: 0.56ms
[2026-09-25T22:44:23.953+0000][17792ms][info][gc,phases   ] GC(36)   Post Evacuate Collection Set: 0.26ms
[2026-09-25T22:44:23.953+0000][17792ms][info][gc,phases   ] GC(36)   Other: 0.10ms
[2026-09-25T22:44:23.953+0000][17792ms][info][gc,heap     ] GC(36) Eden regions: 74->0(74)
[2026-09-25T22:44:23.953+0000][17792ms][info][gc,heap     ] GC(36) Survivor regions: 1->1(10)
[2026-09-25T22:44:23.953+0000][17792ms][info][gc,heap     ] GC(36) Old regions: 3->3
[2026-09-25T22:44:23.953+0000][17792ms][info][gc,heap     ] GC(36) Humongous regions: 0->0
[2026-09-25T22:44:23.953+0000][17792ms][info][gc,metaspace] GC(36) Metaspace: 6764K(7168K)->6764K(7168K) NonClass: 6093K(6336K)->6093K(6336K) Class: 671K(832K)->671K(832K)
[2026-09-25T22:44:23.953+0000][17792ms][info][gc          ] GC(36) Pause Young (Normal) (G1 Evacuation Pause) 154M->5M(254M) 1.229ms
[2026-09-25T22:44:23.953+0000][17792ms][info][gc,cpu      ] GC(36) User=0.00s Sys=0.00s Real=0.00s
[2026-09-25T22:44:24.515+0000][18355ms][info][gc,start    ] GC(37) Pause Young (Normal) (G1 Evacuation Pause)
[2026-09-25T22:44:24.515+0000][18356ms][info][gc,task     ] GC(37) Using 6 workers of 13 for evacuation
[2026-09-25T22:44:24.516+0000][18356ms][info][gc,phases   ] GC(37)   Pre Evacuate Collection Set: 0.10ms
[2026-09-25T22:44:24.516+0000][18356ms][info][gc,phases   ] GC(37)   Merge Heap Roots: 0.05ms
[2026-09-25T22:44:24.516+0000][18356ms][info][gc,phases   ] GC(37)   Evacuate Collection Set: 0.33ms
[2026-09-25T22:44:24.516+0000][18356ms][info][gc,phases   ] GC(37)   Post Evacuate Collection Set: 0.19ms
[2026-09-25T22:44:24.516+0000][18356ms][info][gc,phases   ] GC(37)   Other: 0.08ms
[2026-09-25T22:44:24.516+0000][18356ms][info][gc,heap     ] GC(37) Eden regions: 74->0(74)
[2026-09-25T22:44:24.516+0000][18356ms][info][gc,heap     ] GC(37) Survivor regions: 1->1(10)
[2026-09-25T22:44:24.516+0000][18356ms][info][gc,heap     ] GC(37) Old regions: 3->3
[2026-09-25T22:44:24.516+0000][18356ms][info][gc,heap     ] GC(37) Humongous regions: 0->0
[2026-09-25T22:44:24.516+0000][18356ms][info][gc,metaspace] GC(37) Metaspace: 6806K(7168K)->6806K(7168K) NonClass: 6135K(6336K)->6135K(6336K) Class: 671K(832K)->671K(832K)
[2026-09-25T22:44:24.516+0000][18356ms][info][gc          ] GC(37) Pause Young (Normal) (G1 Evacuation Pause) 153M->5M(254M) 0.906ms
[2026-09-25T22:44:24.516+0000][18356ms][info][gc,cpu      ] GC(37) User=0.00s Sys=0.00s Real=0.00s
[2026-09-25T22:44:24.931+0000][18771ms][info][gc,start    ] GC(38) Pause Young (Normal) (G1 Evacuation Pause)
[2026-09-25T22:44:24.931+0000][18771ms][info][gc,task     ] GC(38) Using 6 workers of 13 for evacuation
[2026-09-25T22:44:24.931+0000][18772ms][info][gc,phases   ] GC(38)   Pre Evacuate Collection Set: 0.09ms
[2026-09-25T22:44:24.931+0000][18772ms][info][gc,phases   ] GC(38)   Merge Heap Roots: 0.04ms
[2026-09-25T22:44:24.931+0000][18772ms][info][gc,phases   ] GC(38)   Evacuate Collection Set: 0.18ms
[2026-09-25T22:44:24.931+0000][18772ms][info][gc,phases   ] GC(38)   Post Evacuate Collection Set: 0.18ms
[2026-09-25T22:44:24.931+0000][18772ms][info][gc,phases   ] GC(38)   Other: 0.07ms
[2026-09-25T22:44:24.931+0000][18772ms][info][gc,heap     ] GC(38) Eden regions: 74->0(74)
[2026-09-25T22:44:24.931+0000][18772ms][info][gc,heap     ] GC(38) Survivor regions: 1->1(10)
[2026-09-25T22:44:24.931+0000][18772ms][info][gc,heap     ] GC(38) Old regions: 3->3
[2026-09-25T22:44:24.931+0000][18772ms][info][gc,heap     ] GC(38) Humongous regions: 0->0
[2026-09-25T22:44:24.931+0000][18772ms][info][gc,metaspace] GC(38) Metaspace: 6806K(7168K)->6806K(7168K) NonClass: 6135K(6336K)->6135K(6336K) Class: 671K(832K)->671K(832K)
[2026-09-25T22:44:24.931+0000][18772ms][info][gc          ] GC(38) Pause Young (Normal) (G1 Evacuation Pause) 153M->5M(254M) 0.775ms
[2026-09-25T22:44:24.931+0000][18772ms][info][gc,cpu      ] GC(38) User=0.00s Sys=0.00s Real=0.00s
[2026-09-25T22:44:25.361+0000][19201ms][info][gc,start    ] GC(39) Pause Young (Normal) (G1 Evacuation Pause)
[2026-09-25T22:44:25.361+0000][19201ms][info][gc,task     ] GC(39) Using 6 workers of 13 for evacuation
[2026-09-25T22:44:25.361+0000][19202ms][info][gc,phases   ] GC(39)   Pre Evacuate Collection Set: 0.10ms
[2026-09-25T22:44:25.361+0000][19202ms][info][gc,phases   ] GC(39)   Merge Heap Roots: 0.03ms
[2026-09-25T22:44:25.361+0000][19202ms][info][gc,phases   ] GC(39)   Evacuate Collection Set: 0.18ms
[2026-09-25T22:44:25.362+0000][19202ms][info][gc,phases   ] GC(39)   Post Evacuate Collection Set: 0.17ms
[2026-09-25T22:44:25.362+0000][19202ms][info][gc,phases   ] GC(39)   Other: 0.06ms
[2026-09-25T22:44:25.362+0000][19202ms][info][gc,heap     ] GC(39) Eden regions: 74->0(74)
[2026-09-25T22:44:25.362+0000][19202ms][info][gc,heap     ] GC(39) Survivor regions: 1->1(10)
[2026-09-25T22:44:25.362+0000][19202ms][info][gc,heap     ] GC(39) Old regions: 3->3
[2026-09-25T22:44:25.362+0000][19202ms][info][gc,heap     ] GC(39) Humongous regions: 0->0
[2026-09-25T22:44:25.362+0000][19202ms][info][gc,metaspace] GC(39) Metaspace: 6806K(7168K)->6806K(7168K) NonClass: 6135K(6336K)->6135K(6336K) Class: 671K(832K)->671K(832K)
[2026-09-25T22:44:25.362+0000][19202ms][info][gc          ] GC(39) Pause Young (Normal) (G1 Evacuation Pause) 153M->5M(254M) 0.708ms
[2026-09-25T22:44:25.362+0000][19202ms][info][gc,cpu      ] GC(39) User=0.00s Sys=0.02s Real=0.00s
[2026-09-25T22:44:25.793+0000][19632ms][info][gc,start    ] GC(40) Pause Young (Normal) (G1 Evacuation Pause)
[2026-09-25T22:44:25.793+0000][19632ms][info][gc,task     ] GC(40) Using 6 workers of 13 for evacuation
[2026-09-25T22:44:25.793+0000][19633ms][info][gc,phases   ] GC(40)   Pre Evacuate Collection Set: 0.08ms
[2026-09-25T22:44:25.793+0000][19633ms][info][gc,phases   ] GC(40)   Merge Heap Roots: 0.03ms
[2026-09-25T22:44:25.793+0000][19633ms][info][gc,phases   ] GC(40)   Evacuate Collection Set: 0.19ms
[2026-09-25T22:44:25.793+0000][19633ms][info][gc,phases   ] GC(40)   Post Evacuate Collection Set: 0.18ms
[2026-09-25T22:44:25.793+0000][19633ms][info][gc,phases   ] GC(40)   Other: 0.06ms
[2026-09-25T22:44:25.793+0000][19633ms][info][gc,heap     ] GC(40) Eden regions: 74->0(74)
[2026-09-25T22:44:25.793+0000][19633ms][info][gc,heap     ] GC(40) Survivor regions: 1->1(10)
[2026-09-25T22:44:25.793+0000][19633ms][info][gc,heap     ] GC(40) Old regions: 3->3
[2026-09-25T22:44:25.793+0000][19633ms][info][gc,heap     ] GC(40) Humongous regions: 0->0
[2026-09-25T22:44:25.793+0000][19633ms][info][gc,metaspace] GC(40) Metaspace: 6806K(7168K)->6806K(7168K) NonClass: 6135K(6336K)->6135K(6336K) Class: 671K(832K)->671K(832K)
[2026-09-25T22:44:25.793+0000][19633ms][info][gc          ] GC(40) Pause Young (Normal) (G1 Evacuation Pause) 153M->6M(254M) 0.714ms
[2026-09-25T22:44:25.793+0000][19633ms][info][gc,cpu      ] GC(40) User=0.00s Sys=0.00s Real=0.00s
[2026-09-25T22:44:26.216+0000][20056ms][info][gc,start    ] GC(41) Pause Young (Normal) (G1 Evacuation Pause)
[2026-09-25T22:44:26.216+0000][20057ms][info][gc,task     ] GC(41) Using 6 workers of 13 for evacuation
[2026-09-25T22:44:26.217+0000][20057ms][info][gc,phases   ] GC(41)   Pre Evacuate Collection Set: 0.07ms
[2026-09-25T22:44:26.217+0000][20057ms][info][gc,phases   ] GC(41)   Merge Heap Roots: 0.04ms
[2026-09-25T22:44:26.217+0000][20057ms][info][gc,phases   ] GC(41)   Evacuate Collection Set: 0.20ms
[2026-09-25T22:44:26.217+0000][20057ms][info][gc,phases   ] GC(41)   Post Evacuate Collection Set: 0.22ms
[2026-09-25T22:44:26.217+0000][20057ms][info][gc,phases   ] GC(41)   Other: 0.08ms
[2026-09-25T22:44:26.217+0000][20057ms][info][gc,heap     ] GC(41) Eden regions: 74->0(74)
[2026-09-25T22:44:26.217+0000][20057ms][info][gc,heap     ] GC(41) Survivor regions: 1->1(10)
[2026-09-25T22:44:26.217+0000][20057ms][info][gc,heap     ] GC(41) Old regions: 3->3
[2026-09-25T22:44:26.217+0000][20057ms][info][gc,heap     ] GC(41) Humongous regions: 0->0
[2026-09-25T22:44:26.217+0000][20057ms][info][gc,metaspace] GC(41) Metaspace: 6806K(7168K)->6806K(7168K) NonClass: 6135K(6336K)->6135K(6336K) Class: 671K(832K)->671K(832K)
[2026-09-25T22:44:26.217+0000][20057ms][info][gc          ] GC(41) Pause Young (Normal) (G1 Evacuation Pause) 154M->6M(254M) 0.922ms
[2026-09-25T22:44:26.217+0000][20057ms][info][gc,cpu      ] GC(41) User=0.00s Sys=0.00s Real=0.00s
[2026-09-25T22:44:26.641+0000][20481ms][info][gc,start    ] GC(42) Pause Young (Normal) (G1 Evacuation Pause)
[2026-09-25T22:44:26.641+0000][20481ms][info][gc,task     ] GC(42) Using 6 workers of 13 for evacuation
[2026-09-25T22:44:26.641+0000][20482ms][info][gc,phases   ] GC(42)   Pre Evacuate Collection Set: 0.09ms
[2026-09-25T22:44:26.641+0000][20482ms][info][gc,phases   ] GC(42)   Merge Heap Roots: 0.04ms
[2026-09-25T22:44:26.642+0000][20482ms][info][gc,phases   ] GC(42)   Evacuate Collection Set: 0.21ms
[2026-09-25T22:44:26.642+0000][20482ms][info][gc,phases   ] GC(42)   Post Evacuate Collection Set: 0.23ms
[2026-09-25T22:44:26.642+0000][20482ms][info][gc,phases   ] GC(42)   Other: 0.06ms
[2026-09-25T22:44:26.642+0000][20482ms][info][gc,heap     ] GC(42) Eden regions: 74->0(74)
[2026-09-25T22:44:26.642+0000][20482ms][info][gc,heap     ] GC(42) Survivor regions: 1->1(10)
[2026-09-25T22:44:26.642+0000][20482ms][info][gc,heap     ] GC(42) Old regions: 3->3
[2026-09-25T22:44:26.642+0000][20482ms][info][gc,heap     ] GC(42) Humongous regions: 0->0
[2026-09-25T22:44:26.642+0000][20482ms][info][gc,metaspace] GC(42) Metaspace: 6806K(7168K)->6806K(7168K) NonClass: 6135K(6336K)->6135K(6336K) Class: 671K(832K)->671K(832K)
[2026-09-25T22:44:26.642+0000][20482ms][info][gc          ] GC(42) Pause Young (Normal) (G1 Evacuation Pause) 154M->6M(254M) 0.828ms
[2026-09-25T22:44:26.642+0000][20482ms][info][gc,cpu      ] GC(42) User=0.00s Sys=0.00s Real=0.00s
[2026-09-25T22:44:27.063+0000][20904ms][info][gc,start    ] GC(43) Pause Young (Normal) (G1 Evacuation Pause)
[2026-09-25T22:44:27.064+0000][20904ms][info][gc,task     ] GC(43) Using 6 workers of 13 for evacuation
[2026-09-25T22:44:27.064+0000][20904ms][info][gc,phases   ] GC(43)   Pre Evacuate Collection Set: 0.08ms
[2026-09-25T22:44:27.064+0000][20905ms][info][gc,phases   ] GC(43)   Merge Heap Roots: 0.04ms
[2026-09-25T22:44:27.064+0000][20905ms][info][gc,phases   ] GC(43)   Evacuate Collection Set: 0.19ms
[2026-09-25T22:44:27.064+0000][20905ms][info][gc,phases   ] GC(43)   Post Evacuate Collection Set: 0.21ms
[2026-09-25T22:44:27.064+0000][20905ms][info][gc,phases   ] GC(43)   Other: 0.06ms
[2026-09-25T22:44:27.064+0000][20905ms][info][gc,heap     ] GC(43) Eden regions: 74->0(74)
[2026-09-25T22:44:27.064+0000][20905ms][info][gc,heap     ] GC(43) Survivor regions: 1->1(10)
[2026-09-25T22:44:27.064+0000][20905ms][info][gc,heap     ] GC(43) Old regions: 3->3
[2026-09-25T22:44:27.064+0000][20905ms][info][gc,heap     ] GC(43) Humongous regions: 0->0
[2026-09-25T22:44:27.064+0000][20905ms][info][gc,metaspace] GC(43) Metaspace: 6806K(7168K)->6806K(7168K) NonClass: 6135K(6336K)->6135K(6336K) Class: 671K(832K)->671K(832K)
[2026-09-25T22:44:27.064+0000][20905ms][info][gc          ] GC(43) Pause Young (Normal) (G1 Evacuation Pause) 154M->6M(254M) 0.746ms
[2026-09-25T22:44:27.064+0000][20905ms][info][gc,cpu      ] GC(43) User=0.00s Sys=0.02s Real=0.00s
[2026-09-25T22:44:27.587+0000][21426ms][info][gc,start    ] GC(44) Pause Young (Normal) (G1 Evacuation Pause)
[2026-09-25T22:44:27.587+0000][21427ms][info][gc,task     ] GC(44) Using 6 workers of 13 for evacuation
[2026-09-25T22:44:27.587+0000][21427ms][info][gc,phases   ] GC(44)   Pre Evacuate Collection Set: 0.09ms
[2026-09-25T22:44:27.587+0000][21427ms][info][gc,phases   ] GC(44)   Merge Heap Roots: 0.03ms
[2026-09-25T22:44:27.587+0000][21427ms][info][gc,phases   ] GC(44)   Evacuate Collection Set: 0.18ms
[2026-09-25T22:44:27.587+0000][21427ms][info][gc,phases   ] GC(44)   Post Evacuate Collection Set: 0.23ms
[2026-09-25T22:44:27.587+0000][21427ms][info][gc,phases   ] GC(44)   Other: 0.08ms
[2026-09-25T22:44:27.587+0000][21427ms][info][gc,heap     ] GC(44) Eden regions: 74->0(74)
[2026-09-25T22:44:27.587+0000][21427ms][info][gc,heap     ] GC(44) Survivor regions: 1->1(10)
[2026-09-25T22:44:27.587+0000][21427ms][info][gc,heap     ] GC(44) Old regions: 3->3
[2026-09-25T22:44:27.587+0000][21427ms][info][gc,heap     ] GC(44) Humongous regions: 0->0
[2026-09-25T22:44:27.587+0000][21427ms][info][gc,metaspace] GC(44) Metaspace: 6810K(7168K)->6810K(7168K) NonClass: 6138K(6336K)->6138K(6336K) Class: 672K(832K)->672K(832K)
[2026-09-25T22:44:27.587+0000][21427ms][info][gc          ] GC(44) Pause Young (Normal) (G1 Evacuation Pause) 154M->6M(254M) 0.782ms
[2026-09-25T22:44:27.587+0000][21427ms][info][gc,cpu      ] GC(44) User=0.00s Sys=0.00s Real=0.00s
[2026-09-25T22:44:28.110+0000][21950ms][info][gc,start    ] GC(45) Pause Young (Normal) (G1 Evacuation Pause)
[2026-09-25T22:44:28.110+0000][21950ms][info][gc,task     ] GC(45) Using 6 workers of 13 for evacuation
[2026-09-25T22:44:28.111+0000][21951ms][info][gc,phases   ] GC(45)   Pre Evacuate Collection Set: 0.12ms
[2026-09-25T22:44:28.111+0000][21951ms][info][gc,phases   ] GC(45)   Merge Heap Roots: 0.07ms
[2026-09-25T22:44:28.111+0000][21951ms][info][gc,phases   ] GC(45)   Evacuate Collection Set: 0.22ms
[2026-09-25T22:44:28.111+0000][21951ms][info][gc,phases   ] GC(45)   Post Evacuate Collection Set: 0.26ms
[2026-09-25T22:44:28.111+0000][21951ms][info][gc,phases   ] GC(45)   Other: 0.08ms
[2026-09-25T22:44:28.111+0000][21951ms][info][gc,heap     ] GC(45) Eden regions: 74->0(74)
[2026-09-25T22:44:28.111+0000][21951ms][info][gc,heap     ] GC(45) Survivor regions: 1->1(10)
[2026-09-25T22:44:28.111+0000][21951ms][info][gc,heap     ] GC(45) Old regions: 3->3
[2026-09-25T22:44:28.111+0000][21951ms][info][gc,heap     ] GC(45) Humongous regions: 0->0
[2026-09-25T22:44:28.111+0000][21951ms][info][gc,metaspace] GC(45) Metaspace: 6810K(7168K)->6810K(7168K) NonClass: 6138K(6336K)->6138K(6336K) Class: 672K(832K)->672K(832K)
[2026-09-25T22:44:28.111+0000][21951ms][info][gc          ] GC(45) Pause Young (Normal) (G1 Evacuation Pause) 154M->5M(254M) 0.942ms
[2026-09-25T22:44:28.111+0000][21951ms][info][gc,cpu      ] GC(45) User=0.00s Sys=0.00s Real=0.00s
[2026-09-25T22:44:28.647+0000][22486ms][info][gc,start    ] GC(46) Pause Young (Normal) (G1 Evacuation Pause)
[2026-09-25T22:44:28.647+0000][22486ms][info][gc,task     ] GC(46) Using 6 workers of 13 for evacuation
[2026-09-25T22:44:28.647+0000][22487ms][info][gc,phases   ] GC(46)   Pre Evacuate Collection Set: 0.08ms
[2026-09-25T22:44:28.648+0000][22487ms][info][gc,phases   ] GC(46)   Merge Heap Roots: 0.03ms
[2026-09-25T22:44:28.648+0000][22487ms][info][gc,phases   ] GC(46)   Evacuate Collection Set: 0.18ms
[2026-09-25T22:44:28.648+0000][22487ms][info][gc,phases   ] GC(46)   Post Evacuate Collection Set: 0.20ms
[2026-09-25T22:44:28.648+0000][22487ms][info][gc,phases   ] GC(46)   Other: 0.06ms
[2026-09-25T22:44:28.648+0000][22487ms][info][gc,heap     ] GC(46) Eden regions: 74->0(74)
[2026-09-25T22:44:28.648+0000][22487ms][info][gc,heap     ] GC(46) Survivor regions: 1->1(10)
[2026-09-25T22:44:28.648+0000][22487ms][info][gc,heap     ] GC(46) Old regions: 3->3
[2026-09-25T22:44:28.648+0000][22487ms][info][gc,heap     ] GC(46) Humongous regions: 0->0
[2026-09-25T22:44:28.648+0000][22487ms][info][gc,metaspace] GC(46) Metaspace: 6810K(7168K)->6810K(7168K) NonClass: 6138K(6336K)->6138K(6336K) Class: 672K(832K)->672K(832K)
[2026-09-25T22:44:28.648+0000][22487ms][info][gc          ] GC(46) Pause Young (Normal) (G1 Evacuation Pause) 153M->6M(254M) 0.721ms
[2026-09-25T22:44:28.648+0000][22487ms][info][gc,cpu      ] GC(46) User=0.00s Sys=0.00s Real=0.00s
[2026-09-25T22:44:29.160+0000][23000ms][info][gc,start    ] GC(47) Pause Young (Normal) (G1 Evacuation Pause)
[2026-09-25T22:44:29.160+0000][23000ms][info][gc,task     ] GC(47) Using 6 workers of 13 for evacuation
[2026-09-25T22:44:29.161+0000][23000ms][info][gc,phases   ] GC(47)   Pre Evacuate Collection Set: 0.07ms
[2026-09-25T22:44:29.161+0000][23000ms][info][gc,phases   ] GC(47)   Merge Heap Roots: 0.03ms
[2026-09-25T22:44:29.161+0000][23000ms][info][gc,phases   ] GC(47)   Evacuate Collection Set: 0.19ms
[2026-09-25T22:44:29.161+0000][23000ms][info][gc,phases   ] GC(47)   Post Evacuate Collection Set: 0.22ms
[2026-09-25T22:44:29.161+0000][23000ms][info][gc,phases   ] GC(47)   Other: 0.06ms
[2026-09-25T22:44:29.161+0000][23000ms][info][gc,heap     ] GC(47) Eden regions: 74->0(74)
[2026-09-25T22:44:29.161+0000][23000ms][info][gc,heap     ] GC(47) Survivor regions: 1->1(10)
[2026-09-25T22:44:29.161+0000][23000ms][info][gc,heap     ] GC(47) Old regions: 3->3
[2026-09-25T22:44:29.161+0000][23000ms][info][gc,heap     ] GC(47) Humongous regions: 0->0
[2026-09-25T22:44:29.161+0000][23000ms][info][gc,metaspace] GC(47) Metaspace: 6810K(7168K)->6810K(7168K) NonClass: 6138K(6336K)->6138K(6336K) Class: 672K(832K)->672K(832K)
[2026-09-25T22:44:29.161+0000][23000ms][info][gc          ] GC(47) Pause Young (Normal) (G1 Evacuation Pause) 154M->6M(254M) 0.749ms
[2026-09-25T22:44:29.161+0000][23000ms][info][gc,cpu      ] GC(47) User=0.00s Sys=0.00s Real=0.00s
[2026-09-25T22:44:29.454+0000][23294ms][info][gc,exit     ] Heap
[2026-09-25T22:44:29.454+0000][23294ms][info][gc,exit     ]  garbage-first heap   total reserved 4124672K, committed 260096K, used 77246K [0x0000000704400000, 0x0000000800000000)
[2026-09-25T22:44:29.454+0000][23294ms][info][gc,exit     ]   region size 2048K, 36 young (73728K), 1 survivors (2048K)
[2026-09-25T22:44:29.454+0000][23294ms][info][gc,exit     ]  Metaspace       used 6851K, committed 7232K, reserved 1114112K
[2026-09-25T22:44:29.454+0000][23294ms][info][gc,exit     ]   class space    used 672K, committed 832K, reserved 1048576K
