[To redirect Truffle log output to a file use one of the following options:
* '--log.file=<path>' if the option is passed using a guest language launcher.
* '-Dpolyglot.log.file=<path>' if the option is passed using the host Java launcher.
* Configure logging using the polyglot embedding API.]
[engine] opt done   engine=1  id=98    FunctionExecuteNode.SignatureExecuteNode@15e236b0  |Tier 1|Time     9(   7+2   )ms|AST    4|Inlined   0Y   0N|IR    132/   310|CodeSize    1081|Addr 0x2395b68c0000|CompId 5723   |UTC 2026-09-25T18:14:21.386|Src n/a
[engine] opt done   engine=1  id=96    LibFFIClosure.VoidRetClosureRootNode@347064f3      |Tier 1|Time     8(   5+3   )ms|AST   23|Inlined   0Y   0N|IR    125/   395|CodeSize    1658|Addr 0x693fed4e0000|CompId 5724   |UTC 2026-09-25T18:14:21.386|Src n/a
[engine] opt done   engine=1  id=106   CallSignatureNode.CallSignatureRootNode@71f83cf8   |Tier 1|Time     8(   5+3   )ms|AST   10|Inlined   0Y   1N|IR    133/   324|CodeSize    1094|Addr 0x7cf193560000|CompId 5726   |UTC 2026-09-25T18:14:21.388|Src n/a
[engine] opt done   engine=1  id=99    CallSignatureNode.CallSignatureRootNode@4d2c4fbc   |Tier 1|Time    13(   9+3   )ms|AST   12|Inlined   0Y   1N|IR    146/   483|CodeSize    1949|Addr 0x12919b760000|CompId 5722   |UTC 2026-09-25T18:14:21.388|Src n/a
[engine] opt done   engine=1  id=105   FunctionExecuteNode.SignatureExecuteNode@1cf1c96d  |Tier 1|Time     3(   1+1   )ms|AST    2|Inlined   0Y   0N|IR    115/   228|CodeSize     802|Addr 0x0e9775440000|CompId 5730   |UTC 2026-09-25T18:14:21.388|Src n/a
[engine] opt done   engine=1  id=91    FunctionExecuteNode.SignatureExecuteNode@3e66ec4f  |Tier 1|Time     5(   2+3   )ms|AST    5|Inlined   0Y   0N|IR    136/   464|CodeSize    1688|Addr 0x3ce18cd80000|CompId 5729   |UTC 2026-09-25T18:14:21.388|Src n/a
[engine] opt done   engine=1  id=107   CallSignatureNode.CallSignatureRootNode@4658c1d8   |Tier 1|Time     8(   6+2   )ms|AST   12|Inlined   0Y   1N|IR    142/   411|CodeSize    1423|Addr 0x1d802e930000|CompId 5728   |UTC 2026-09-25T18:14:21.395|Src n/a
[engine] opt done   engine=1  id=78    PhpRootGen@593e7da8                                |Tier 1|Time    23(  10+13  )ms|AST    2|Inlined   0Y   0N|IR    393/  1454|CodeSize    6067|Addr 0x314538580000|CompId 5721   |UTC 2026-09-25T18:14:21.397|Src n/a
[engine] opt done   engine=1  id=108   PhpRootGen@35b519d7(resume_bci=450)                |Tier 1|Time    23(   8+15  )ms|AST    1|Inlined   0Y   0N|IR   1118/  2668|CodeSize   10490|Addr 0x7171026a0000|CompId 5727   |UTC 2026-09-25T18:14:21.409|Src n/a
[engine] opt done   engine=1  id=103   PhpRootGen@593e7da8(resume_bci=158)                |Tier 1|Time    33(  14+19  )ms|AST    1|Inlined   0Y   0N|IR   1497/  3687|CodeSize   15031|Addr 0x1960b5460000|CompId 5725   |UTC 2026-09-25T18:14:21.411|Src n/a
[engine] opt done   engine=1  id=101   FunctionExecuteNode.SignatureExecuteNode@7457deb1  |Tier 1|Time     3(   1+2   )ms|AST    3|Inlined   0Y   0N|IR    124/   269|CodeSize     926|Addr 0x3869085c0000|CompId 5732   |UTC 2026-09-25T18:14:21.633|Src n/a
[engine] opt done   engine=1  id=102   CallSignatureNode.CallSignatureRootNode@48ae90dc   |Tier 1|Time     3(   1+2   )ms|AST   11|Inlined   0Y   1N|IR    140/   403|CodeSize    1464|Addr 0x3207bc570000|CompId 5731   |UTC 2026-09-25T18:14:21.633|Src n/a
[engine] opt done   engine=1  id=98    FunctionExecuteNode.SignatureExecuteNode@15e236b0  |Tier 2|Time     4(   1+3   )ms|AST    4|Inlined   0Y   0N|IR     74/   188|CodeSize     646|Addr 0x772fd2950000|CompId 5735   |UTC 2026-09-25T18:14:21.767|Src n/a
[engine] opt done   engine=1  id=99    CallSignatureNode.CallSignatureRootNode@4d2c4fbc   |Tier 2|Time     6(   2+4   )ms|AST   12|Inlined   1Y   0N|IR    108/   263|CodeSize     825|Addr 0x3e2402580000|CompId 5734   |UTC 2026-09-25T18:14:21.767|Src n/a
[engine] opt done   engine=1  id=106   CallSignatureNode.CallSignatureRootNode@71f83cf8   |Tier 2|Time     5(   2+3   )ms|AST   10|Inlined   1Y   0N|IR     92/   217|CodeSize     668|Addr 0x226794d70000|CompId 5738   |UTC 2026-09-25T18:14:21.767|Src n/a
[engine] opt done   engine=1  id=96    LibFFIClosure.VoidRetClosureRootNode@347064f3      |Tier 2|Time     6(   1+5   )ms|AST   23|Inlined   0Y   0N|IR     64/   333|CodeSize    1532|Addr 0x3de522d30000|CompId 5736   |UTC 2026-09-25T18:14:21.767|Src n/a
[engine] opt done   engine=1  id=91    FunctionExecuteNode.SignatureExecuteNode@3e66ec4f  |Tier 2|Time     6(   1+5   )ms|AST    5|Inlined   0Y   0N|IR     78/   354|CodeSize    1213|Addr 0x43da70ef0000|CompId 5740   |UTC 2026-09-25T18:14:21.783|Src n/a
[engine] opt done   engine=1  id=78    PhpRootGen@593e7da8                                |Tier 2|Time    15(   5+10  )ms|AST    2|Inlined   0Y   0N|IR    332/  1262|CodeSize    5027|Addr 0x6e5c01f00000|CompId 5733   |UTC 2026-09-25T18:14:21.783|Src n/a
[engine] opt done   engine=1  id=107   CallSignatureNode.CallSignatureRootNode@4658c1d8   |Tier 2|Time     7(   2+5   )ms|AST   12|Inlined   1Y   0N|IR    114/   428|CodeSize    1488|Addr 0x4bd13e560000|CompId 5741   |UTC 2026-09-25T18:14:21.783|Src n/a
[engine] opt done   engine=1  id=108   PhpRootGen@35b519d7(resume_bci=450)                |Tier 2|Time    26(   5+21  )ms|AST    1|Inlined   0Y   0N|IR   1042/  2158|CodeSize    8631|Addr 0x5e14cde90000|CompId 5739   |UTC 2026-09-25T18:14:21.798|Src n/a
[engine] opt done   engine=1  id=103   PhpRootGen@593e7da8(resume_bci=158)                |Tier 2|Time    39(  12+28  )ms|AST    1|Inlined   0Y   0N|IR   1437/  3224|CodeSize   13958|Addr 0x2089419d0000|CompId 5737   |UTC 2026-09-25T18:14:21.798|Src n/a
[engine] opt done   engine=1  id=101   FunctionExecuteNode.SignatureExecuteNode@7457deb1  |Tier 2|Time     4(   1+2   )ms|AST    3|Inlined   0Y   0N|IR     65/   166|CodeSize     591|Addr 0x774d9b9c0000|CompId 5743   |UTC 2026-09-25T18:14:28.345|Src n/a
[engine] opt done   engine=1  id=102   CallSignatureNode.CallSignatureRootNode@48ae90dc   |Tier 2|Time     6(   3+3   )ms|AST   11|Inlined   1Y   0N|IR    100/   239|CodeSize     751|Addr 0x305cb0480000|CompId 5742   |UTC 2026-09-25T18:14:28.345|Src n/a
[engine] opt inval. engine=1  id=108   PhpRootGen@35b519d7(resume_bci=450)                                                                                                                                               |UTC 2026-09-25T18:14:33.224|Src n/a|Reason null
[engine] opt deopt  engine=1  id=108   PhpRootGen@35b519d7(resume_bci=450)                |Invalidated  true|                                                                                                            |UTC 2026-09-25T18:14:33.224|Src n/a|Reason unknown
[engine] opt done   engine=1  id=108   PhpRootGen@35b519d7(resume_bci=450)                |Tier 1|Time    22(   9+13  )ms|AST    1|Inlined   0Y   0N|IR   1155/  2704|CodeSize   10758|Addr 0x7f3558050000|CompId 5744   |UTC 2026-09-25T18:14:33.240|Src n/a
[engine] opt done   engine=1  id=18    PhpRootGen@35b519d7                                |Tier 1|Time    38(  17+21  )ms|AST    2|Inlined   0Y   0N|IR    995/  3399|CodeSize   14827|Addr 0x19a21a600000|CompId 5745   |UTC 2026-09-25T18:14:35.303|Src n/a
[engine] opt done   engine=1  id=108   PhpRootGen@35b519d7(resume_bci=450)                |Tier 2|Time    41(  10+31  )ms|AST    1|Inlined   0Y   0N|IR   1067/  2208|CodeSize    8838|Addr 0x6ed6cdde0000|CompId 5746   |UTC 2026-09-25T18:14:35.318|Src n/a
[engine] opt inval. engine=1  id=78    PhpRootGen@593e7da8                                                                                                                                                               |UTC 2026-09-25T18:14:37.001|Src n/a|Reason null
[engine] opt deopt  engine=1  id=78    PhpRootGen@593e7da8                                |Invalidated  true|                                                                                                            |UTC 2026-09-25T18:14:37.001|Src n/a|Reason unknown
[engine] opt inval. engine=1  id=108   PhpRootGen@35b519d7(resume_bci=450)                                                                                                                                               |UTC 2026-09-25T18:14:37.001|Src n/a|Reason null
[engine] opt deopt  engine=1  id=108   PhpRootGen@35b519d7(resume_bci=450)                |Invalidated  true|                                                                                                            |UTC 2026-09-25T18:14:37.001|Src n/a|Reason unknown
[engine] opt done   engine=1  id=78    PhpRootGen@593e7da8                                |Tier 1|Time    37(  14+23  )ms|AST    2|Inlined   0Y   0N|IR   1188/  3441|CodeSize   15920|Addr 0x660999920000|CompId 5747   |UTC 2026-09-25T18:14:37.048|Src n/a
[engine] opt done   engine=1  id=108   PhpRootGen@35b519d7(resume_bci=450)                |Tier 1|Time    40(  10+29  )ms|AST    1|Inlined   0Y   0N|IR   1213/  2822|CodeSize   11226|Addr 0x79eae1150000|CompId 5748   |UTC 2026-09-25T18:14:37.048|Src n/a
[engine] opt done   engine=1  id=78    PhpRootGen@593e7da8                                |Tier 2|Time    48(  16+32  )ms|AST    2|Inlined   0Y   0N|IR   1126/  2911|CodeSize   12629|Addr 0x42312d8f0000|CompId 5749   |UTC 2026-09-25T18:14:37.095|Src n/a
[engine] opt done   engine=1  id=108   PhpRootGen@35b519d7(resume_bci=450)                |Tier 2|Time    51(   7+44  )ms|AST    1|Inlined   0Y   0N|IR   1084/  2343|CodeSize    9434|Addr 0x42c1b2830000|CompId 5750   |UTC 2026-09-25T18:14:37.106|Src n/a
VERSION libcurl/8.22.0 BoringSSL zlib/1.3.2 brotli/1.2.0 zstd/1.5.7 WinIDN nghttp2/1.63.0
PASS curl benchmark
