[To redirect Truffle log output to a file use one of the following options:
* '--log.file=<path>' if the option is passed using a guest language launcher.
* '-Dpolyglot.log.file=<path>' if the option is passed using the host Java launcher.
* Configure logging using the polyglot embedding API.]
[engine] opt done   engine=1  id=98    FunctionExecuteNode.SignatureExecuteNode@4ad165ca  |Tier 1|Time    18(  14+4   )ms|AST    4|Inlined   0Y   0N|IR    132/   310|CodeSize    1081|Addr 0x426c70a00000|CompId 5723   |UTC 2026-09-25T18:13:07.776|Src n/a
[engine] opt done   engine=1  id=96    LibFFIClosure.VoidRetClosureRootNode@522085e       |Tier 1|Time    29(  12+17  )ms|AST   23|Inlined   0Y   0N|IR    125/   395|CodeSize    1658|Addr 0x210feb370000|CompId 5724   |UTC 2026-09-25T18:13:07.780|Src n/a
[engine] opt done   engine=1  id=99    CallSignatureNode.CallSignatureRootNode@5a385a52   |Tier 1|Time    38(  32+6   )ms|AST   12|Inlined   0Y   1N|IR    146/   483|CodeSize    1949|Addr 0x767b1e030000|CompId 5722   |UTC 2026-09-25T18:13:07.783|Src n/a
[engine] opt done   engine=1  id=78    PhpRootGen@70bf74f                                 |Tier 1|Time    47(  22+25  )ms|AST    2|Inlined   0Y   0N|IR    393/  1454|CodeSize    6067|Addr 0x4e21e23b0000|CompId 5721   |UTC 2026-09-25T18:13:07.792|Src n/a
[engine] opt done   engine=1  id=106   CallSignatureNode.CallSignatureRootNode@3ae95bc1   |Tier 1|Time    38(  29+8   )ms|AST   10|Inlined   0Y   1N|IR    133/   324|CodeSize    1094|Addr 0x0565327d0000|CompId 5726   |UTC 2026-09-25T18:13:07.795|Src n/a
[engine] opt done   engine=1  id=105   FunctionExecuteNode.SignatureExecuteNode@a33211    |Tier 1|Time     5(   2+3   )ms|AST    2|Inlined   0Y   0N|IR    115/   228|CodeSize     802|Addr 0x7b018a1c0000|CompId 5730   |UTC 2026-09-25T18:13:07.801|Src n/a
[engine] opt done   engine=1  id=91    FunctionExecuteNode.SignatureExecuteNode@56ac725   |Tier 1|Time     9(   4+5   )ms|AST    5|Inlined   0Y   0N|IR    136/   464|CodeSize    1688|Addr 0x086d9ce90000|CompId 5729   |UTC 2026-09-25T18:13:07.805|Src n/a
[engine] opt done   engine=1  id=107   CallSignatureNode.CallSignatureRootNode@20f90a77   |Tier 1|Time    12(   8+5   )ms|AST   12|Inlined   0Y   1N|IR    142/   411|CodeSize    1423|Addr 0x273093e80000|CompId 5728   |UTC 2026-09-25T18:13:07.807|Src n/a
[engine] opt done   engine=1  id=108   PhpRootGen@78b6470d(resume_bci=450)                |Tier 1|Time    46(  13+33  )ms|AST    1|Inlined   0Y   0N|IR   1118/  2668|CodeSize   10490|Addr 0x266de6930000|CompId 5727   |UTC 2026-09-25T18:13:07.825|Src n/a
[engine] opt done   engine=1  id=103   PhpRootGen@70bf74f(resume_bci=158)                 |Tier 1|Time    99(  57+42  )ms|AST    1|Inlined   0Y   0N|IR   1497/  3687|CodeSize   15031|Addr 0x0b087aff0000|CompId 5725   |UTC 2026-09-25T18:13:07.854|Src n/a
[engine] opt done   engine=1  id=102   CallSignatureNode.CallSignatureRootNode@127bc7d2   |Tier 1|Time     4(   2+2   )ms|AST   11|Inlined   0Y   1N|IR    140/   403|CodeSize    1464|Addr 0x638e7e6f0000|CompId 5731   |UTC 2026-09-25T18:13:08.018|Src n/a
[engine] opt done   engine=1  id=101   FunctionExecuteNode.SignatureExecuteNode@7920292a  |Tier 1|Time     4(   2+2   )ms|AST    3|Inlined   0Y   0N|IR    124/   269|CodeSize     926|Addr 0x09df11f50000|CompId 5732   |UTC 2026-09-25T18:13:08.018|Src n/a
[engine] opt done   engine=1  id=98    FunctionExecuteNode.SignatureExecuteNode@4ad165ca  |Tier 2|Time     7(   2+5   )ms|AST    4|Inlined   0Y   0N|IR     74/   188|CodeSize     646|Addr 0x4b306f510000|CompId 5735   |UTC 2026-09-25T18:13:08.572|Src n/a
[engine] opt done   engine=1  id=99    CallSignatureNode.CallSignatureRootNode@5a385a52   |Tier 2|Time     7(   3+4   )ms|AST   12|Inlined   1Y   0N|IR    108/   263|CodeSize     825|Addr 0x388cd0560000|CompId 5734   |UTC 2026-09-25T18:13:08.572|Src n/a
[engine] opt done   engine=1  id=96    LibFFIClosure.VoidRetClosureRootNode@522085e       |Tier 2|Time     7(   2+5   )ms|AST   23|Inlined   0Y   0N|IR     64/   333|CodeSize    1532|Addr 0x6fc1a1fb0000|CompId 5736   |UTC 2026-09-25T18:13:08.576|Src n/a
[engine] opt done   engine=1  id=106   CallSignatureNode.CallSignatureRootNode@3ae95bc1   |Tier 2|Time     7(   3+4   )ms|AST   10|Inlined   1Y   0N|IR     92/   217|CodeSize     668|Addr 0x225c6ada0000|CompId 5738   |UTC 2026-09-25T18:13:08.578|Src n/a
[engine] opt done   engine=1  id=91    FunctionExecuteNode.SignatureExecuteNode@56ac725   |Tier 2|Time     8(   2+6   )ms|AST    5|Inlined   0Y   0N|IR     78/   354|CodeSize    1213|Addr 0x236eb9060000|CompId 5739   |UTC 2026-09-25T18:13:08.581|Src n/a
[engine] opt done   engine=1  id=107   CallSignatureNode.CallSignatureRootNode@20f90a77   |Tier 2|Time    11(   4+7   )ms|AST   12|Inlined   1Y   0N|IR    114/   428|CodeSize    1488|Addr 0x5518b2820000|CompId 5741   |UTC 2026-09-25T18:13:08.588|Src n/a
[engine] opt done   engine=1  id=78    PhpRootGen@70bf74f                                 |Tier 2|Time    26(   6+19  )ms|AST    2|Inlined   0Y   0N|IR    332/  1262|CodeSize    5027|Addr 0x445308910000|CompId 5733   |UTC 2026-09-25T18:13:08.591|Src n/a
[engine] opt done   engine=1  id=108   PhpRootGen@78b6470d(resume_bci=450)                |Tier 2|Time    49(  10+39  )ms|AST    1|Inlined   0Y   0N|IR   1042/  2158|CodeSize    8631|Addr 0x126273040000|CompId 5740   |UTC 2026-09-25T18:13:08.623|Src n/a
[engine] opt done   engine=1  id=103   PhpRootGen@70bf74f(resume_bci=158)                 |Tier 2|Time    62(  18+44  )ms|AST    1|Inlined   0Y   0N|IR   1437/  3224|CodeSize   13958|Addr 0x39f71dd50000|CompId 5737   |UTC 2026-09-25T18:13:08.633|Src n/a
[engine] opt inval. engine=1  id=78    PhpRootGen@70bf74f                                                                                                                                                                |UTC 2026-09-25T18:13:11.823|Src n/a|Reason null
[engine] opt deopt  engine=1  id=78    PhpRootGen@70bf74f                                 |Invalidated  true|                                                                                                            |UTC 2026-09-25T18:13:11.823|Src n/a|Reason unknown
[engine] opt inval. engine=1  id=108   PhpRootGen@78b6470d(resume_bci=450)                                                                                                                                               |UTC 2026-09-25T18:13:11.823|Src n/a|Reason null
[engine] opt deopt  engine=1  id=108   PhpRootGen@78b6470d(resume_bci=450)                |Invalidated  true|                                                                                                            |UTC 2026-09-25T18:13:11.823|Src n/a|Reason unknown
[engine] opt done   engine=1  id=108   PhpRootGen@78b6470d(resume_bci=450)                |Tier 1|Time    34(  10+23  )ms|AST    1|Inlined   0Y   0N|IR   1162/  2716|CodeSize   10969|Addr 0x3e9c30930000|CompId 5743   |UTC 2026-09-25T18:13:11.855|Src n/a
[engine] opt done   engine=1  id=78    PhpRootGen@70bf74f                                 |Tier 1|Time    34(  16+18  )ms|AST    2|Inlined   0Y   0N|IR   1188/  3441|CodeSize   15908|Addr 0x7593fca30000|CompId 5742   |UTC 2026-09-25T18:13:11.855|Src n/a
[engine] opt done   engine=1  id=78    PhpRootGen@70bf74f                                 |Tier 2|Time    45(  12+32  )ms|AST    2|Inlined   0Y   0N|IR   1126/  2911|CodeSize   12633|Addr 0x284d07600000|CompId 5744   |UTC 2026-09-25T18:13:11.904|Src n/a
[engine] opt done   engine=1  id=108   PhpRootGen@78b6470d(resume_bci=450)                |Tier 2|Time    45(   7+38  )ms|AST    1|Inlined   0Y   0N|IR   1051/  2411|CodeSize    9850|Addr 0x6da045aa0000|CompId 5745   |UTC 2026-09-25T18:13:11.904|Src n/a
[engine] opt done   engine=1  id=101   FunctionExecuteNode.SignatureExecuteNode@7920292a  |Tier 2|Time     4(   2+3   )ms|AST    3|Inlined   0Y   0N|IR     65/   166|CodeSize     591|Addr 0x092ceaca0000|CompId 5747   |UTC 2026-09-25T18:13:15.347|Src n/a
[engine] opt done   engine=1  id=102   CallSignatureNode.CallSignatureRootNode@127bc7d2   |Tier 2|Time     6(   3+3   )ms|AST   11|Inlined   1Y   0N|IR    100/   239|CodeSize     751|Addr 0x168d34d60000|CompId 5746   |UTC 2026-09-25T18:13:15.347|Src n/a
[engine] opt inval. engine=1  id=108   PhpRootGen@78b6470d(resume_bci=450)                                                                                                                                               |UTC 2026-09-25T18:13:20.481|Src n/a|Reason null
[engine] opt deopt  engine=1  id=108   PhpRootGen@78b6470d(resume_bci=450)                |Invalidated  true|                                                                                                            |UTC 2026-09-25T18:13:20.481|Src n/a|Reason unknown
[engine] opt done   engine=1  id=108   PhpRootGen@78b6470d(resume_bci=450)                |Tier 1|Time    32(  11+21  )ms|AST    1|Inlined   0Y   0N|IR   1213/  2822|CodeSize   11264|Addr 0x3b3106180000|CompId 5748   |UTC 2026-09-25T18:13:20.513|Src n/a
[engine] opt done   engine=1  id=18    PhpRootGen@78b6470d                                |Tier 1|Time    60(  26+34  )ms|AST    2|Inlined   0Y   0N|IR   1246/  4582|CodeSize   20117|Addr 0x48cb505d0000|CompId 5749   |UTC 2026-09-25T18:13:22.609|Src n/a
[engine] opt done   engine=1  id=108   PhpRootGen@78b6470d(resume_bci=450)                |Tier 2|Time    60(  15+46  )ms|AST    1|Inlined   0Y   0N|IR   1084/  2462|CodeSize    9990|Addr 0x0ef70be30000|CompId 5750   |UTC 2026-09-25T18:13:22.609|Src n/a
VERSION libcurl/8.22.0 BoringSSL zlib/1.3.2 brotli/1.2.0 zstd/1.5.7 WinIDN nghttp2/1.63.0
PASS curl benchmark
