[To redirect Truffle log output to a file use one of the following options:
* '--log.file=<path>' if the option is passed using a guest language launcher.
* '-Dpolyglot.log.file=<path>' if the option is passed using the host Java launcher.
* Configure logging using the polyglot embedding API.]
[engine] opt done   engine=1  id=21    PhpRootGen@6bc2e5a7                                |Tier 1|Time    21(  10+11  )ms|AST    2|Inlined   0Y   0N|IR    396/  1439|CodeSize    5827|Addr 0x560328470000|CompId 5725   |UTC 2026-09-25T20:45:16.278|Src n/a
[engine] opt done   engine=1  id=83    PhpRootGen@729eacee(resume_bci=1422)               |Tier 1|Time    34(  12+22  )ms|AST    1|Inlined   0Y   0N|IR   1156/  2792|CodeSize   11242|Addr 0x246a68c90000|CompId 5726   |UTC 2026-09-25T20:45:16.292|Src n/a
[engine] opt done   engine=1  id=73    FunctionExecuteNode.SignatureExecuteNode@88a6557   |Tier 1|Time    11(   8+4   )ms|AST    4|Inlined   0Y   0N|IR    132/   310|CodeSize    1081|Addr 0x401c9d890000|CompId 5728   |UTC 2026-09-25T20:45:16.324|Src n/a
[engine] opt done   engine=1  id=71    LibFFIClosure.VoidRetClosureRootNode@689a1c20      |Tier 1|Time    13(   7+6   )ms|AST   23|Inlined   0Y   0N|IR    125/   395|CodeSize    1658|Addr 0x34d45b7c0000|CompId 5729   |UTC 2026-09-25T20:45:16.331|Src n/a
[engine] opt done   engine=1  id=74    CallSignatureNode.CallSignatureRootNode@156245af   |Tier 1|Time    18(  11+7   )ms|AST   12|Inlined   0Y   1N|IR    146/   483|CodeSize    1949|Addr 0x675235e00000|CompId 5727   |UTC 2026-09-25T20:45:16.331|Src n/a
[engine] opt done   engine=1  id=85    PhpRootGen@2657c6c1(resume_bci=502)                |Tier 1|Time    38(  18+20  )ms|AST    1|Inlined   0Y   0N|IR   1118/  2668|CodeSize   10490|Addr 0x3f1b50820000|CompId 5730   |UTC 2026-09-25T20:45:16.358|Src n/a
[engine] opt done   engine=1  id=77    CallSignatureNode.CallSignatureRootNode@1dd62ff4   |Tier 1|Time     5(   2+3   )ms|AST   11|Inlined   0Y   1N|IR    140/   403|CodeSize    1464|Addr 0x1d8700080000|CompId 5731   |UTC 2026-09-25T20:45:16.601|Src n/a
[engine] opt done   engine=1  id=76    FunctionExecuteNode.SignatureExecuteNode@635b23e8  |Tier 1|Time     5(   2+3   )ms|AST    3|Inlined   0Y   0N|IR    124/   269|CodeSize     926|Addr 0x6083c8d30000|CompId 5732   |UTC 2026-09-25T20:45:16.601|Src n/a
[engine] opt done   engine=1  id=73    FunctionExecuteNode.SignatureExecuteNode@88a6557   |Tier 2|Time     9(   4+5   )ms|AST    4|Inlined   0Y   0N|IR     74/   188|CodeSize     646|Addr 0x3fc0dc550000|CompId 5734   |UTC 2026-09-25T20:45:16.896|Src n/a
[engine] opt done   engine=1  id=74    CallSignatureNode.CallSignatureRootNode@156245af   |Tier 2|Time    11(   6+6   )ms|AST   12|Inlined   1Y   0N|IR    108/   263|CodeSize     825|Addr 0x5287289f0000|CompId 5733   |UTC 2026-09-25T20:45:16.899|Src n/a
[engine] opt done   engine=1  id=71    LibFFIClosure.VoidRetClosureRootNode@689a1c20      |Tier 2|Time    10(   4+6   )ms|AST   23|Inlined   0Y   0N|IR     64/   333|CodeSize    1532|Addr 0x366bc4bb0000|CompId 5735   |UTC 2026-09-25T20:45:16.899|Src n/a
[engine] opt done   engine=1  id=85    PhpRootGen@2657c6c1(resume_bci=502)                |Tier 2|Time    38(   9+29  )ms|AST    1|Inlined   0Y   0N|IR   1042/  2158|CodeSize    8631|Addr 0x5232e6670000|CompId 5736   |UTC 2026-09-25T20:45:16.931|Src n/a
[engine] opt inval. engine=1  id=85    PhpRootGen@2657c6c1(resume_bci=502)                                                                                                                                               |UTC 2026-09-25T20:45:21.797|Src n/a|Reason null
[engine] opt deopt  engine=1  id=85    PhpRootGen@2657c6c1(resume_bci=502)                |Invalidated  true|                                                                                                            |UTC 2026-09-25T20:45:21.797|Src n/a|Reason unknown
[engine] opt inval. engine=1  id=83    PhpRootGen@729eacee(resume_bci=1422)                                                                                                                                              |UTC 2026-09-25T20:45:21.813|Src n/a|Reason Stable local tags local tags updated
VERSION libcurl/8.22.0 BoringSSL zlib/1.3.2 brotli/1.2.0 zstd/1.5.7 WinIDN nghttp2/1.63.0
PASS curl benchmark
